Component: ARM Compiler 5.06 update 1 (build 61) Tool: armlink [4d35a8]

==============================================================================

Section Cross References

    startup_stm32f427xx.o(STACK) refers (Special) to heapauxi.o(.text) for __use_two_region_memory
    startup_stm32f427xx.o(HEAP) refers (Special) to heapauxi.o(.text) for __use_two_region_memory
    startup_stm32f427xx.o(RESET) refers (Special) to heapauxi.o(.text) for __use_two_region_memory
    startup_stm32f427xx.o(RESET) refers to startup_stm32f427xx.o(STACK) for __initial_sp
    startup_stm32f427xx.o(RESET) refers to startup_stm32f427xx.o(.text) for Reset_Handler
    startup_stm32f427xx.o(RESET) refers to stm32f4xx_it.o(i.NMI_Handler) for NMI_Handler
    startup_stm32f427xx.o(RESET) refers to stm32f4xx_it.o(i.HardFault_Handler) for HardFault_Handler
    startup_stm32f427xx.o(RESET) refers to stm32f4xx_it.o(i.MemManage_Handler) for MemManage_Handler
    startup_stm32f427xx.o(RESET) refers to stm32f4xx_it.o(i.BusFault_Handler) for BusFault_Handler
    startup_stm32f427xx.o(RESET) refers to stm32f4xx_it.o(i.UsageFault_Handler) for UsageFault_Handler
    startup_stm32f427xx.o(RESET) refers to port.o(.emb_text) for SVC_Handler
    startup_stm32f427xx.o(RESET) refers to stm32f4xx_it.o(i.DebugMon_Handler) for DebugMon_Handler
    startup_stm32f427xx.o(RESET) refers to stm32f4xx_it.o(i.SysTick_Handler) for SysTick_Handler
    startup_stm32f427xx.o(RESET) refers to stm32f4xx_it.o(i.DMA1_Stream0_IRQHandler) for DMA1_Stream0_IRQHandler
    startup_stm32f427xx.o(RESET) refers to stm32f4xx_it.o(i.DMA1_Stream1_IRQHandler) for DMA1_Stream1_IRQHandler
    startup_stm32f427xx.o(RESET) refers to stm32f4xx_it.o(i.DMA1_Stream3_IRQHandler) for DMA1_Stream3_IRQHandler
    startup_stm32f427xx.o(RESET) refers to stm32f4xx_it.o(i.DMA1_Stream4_IRQHandler) for DMA1_Stream4_IRQHandler
    startup_stm32f427xx.o(RESET) refers to stm32f4xx_it.o(i.DMA1_Stream5_IRQHandler) for DMA1_Stream5_IRQHandler
    startup_stm32f427xx.o(RESET) refers to stm32f4xx_it.o(i.DMA1_Stream6_IRQHandler) for DMA1_Stream6_IRQHandler
    startup_stm32f427xx.o(RESET) refers to stm32f4xx_it.o(i.CAN1_RX0_IRQHandler) for CAN1_RX0_IRQHandler
    startup_stm32f427xx.o(RESET) refers to stm32f4xx_it.o(i.USART2_IRQHandler) for USART2_IRQHandler
    startup_stm32f427xx.o(RESET) refers to stm32f4xx_it.o(i.USART3_IRQHandler) for USART3_IRQHandler
    startup_stm32f427xx.o(RESET) refers to stm32f4xx_it.o(i.TIM6_DAC_IRQHandler) for TIM6_DAC_IRQHandler
    startup_stm32f427xx.o(RESET) refers to stm32f4xx_it.o(i.TIM7_IRQHandler) for TIM7_IRQHandler
    startup_stm32f427xx.o(RESET) refers to stm32f4xx_it.o(i.DMA2_Stream1_IRQHandler) for DMA2_Stream1_IRQHandler
    startup_stm32f427xx.o(RESET) refers to stm32f4xx_it.o(i.CAN2_RX0_IRQHandler) for CAN2_RX0_IRQHandler
    startup_stm32f427xx.o(RESET) refers to stm32f4xx_it.o(i.DMA2_Stream5_IRQHandler) for DMA2_Stream5_IRQHandler
    startup_stm32f427xx.o(RESET) refers to stm32f4xx_it.o(i.DMA2_Stream6_IRQHandler) for DMA2_Stream6_IRQHandler
    startup_stm32f427xx.o(RESET) refers to stm32f4xx_it.o(i.USART6_IRQHandler) for USART6_IRQHandler
    startup_stm32f427xx.o(RESET) refers to stm32f4xx_it.o(i.UART7_IRQHandler) for UART7_IRQHandler
    startup_stm32f427xx.o(RESET) refers to stm32f4xx_it.o(i.UART8_IRQHandler) for UART8_IRQHandler
    startup_stm32f427xx.o(.text) refers (Special) to heapauxi.o(.text) for __use_two_region_memory
    startup_stm32f427xx.o(.text) refers to system_stm32f4xx.o(i.SystemInit) for SystemInit
    startup_stm32f427xx.o(.text) refers to __main.o(!!!main) for __main
    startup_stm32f427xx.o(.text) refers to startup_stm32f427xx.o(HEAP) for Heap_Mem
    startup_stm32f427xx.o(.text) refers to startup_stm32f427xx.o(STACK) for Stack_Mem
    main.o(i.SystemClock_Config) refers to rt_memclr_w.o(.text) for __aeabi_memclr4
    main.o(i.SystemClock_Config) refers to stm32f4xx_hal_rcc.o(i.HAL_RCC_OscConfig) for HAL_RCC_OscConfig
    main.o(i.SystemClock_Config) refers to stm32f4xx_hal_rcc.o(i.HAL_RCC_ClockConfig) for HAL_RCC_ClockConfig
    main.o(i.main) refers to stm32f4xx_hal.o(i.HAL_Init) for HAL_Init
    main.o(i.main) refers to main.o(i.SystemClock_Config) for SystemClock_Config
    main.o(i.main) refers to gpio.o(i.MX_GPIO_Init) for MX_GPIO_Init
    main.o(i.main) refers to dma.o(i.MX_DMA_Init) for MX_DMA_Init
    main.o(i.main) refers to usart.o(i.MX_USART1_UART_Init) for MX_USART1_UART_Init
    main.o(i.main) refers to can.o(i.MX_CAN1_Init) for MX_CAN1_Init
    main.o(i.main) refers to can.o(i.MX_CAN2_Init) for MX_CAN2_Init
    main.o(i.main) refers to tim.o(i.MX_TIM2_Init) for MX_TIM2_Init
    main.o(i.main) refers to tim.o(i.MX_TIM4_Init) for MX_TIM4_Init
    main.o(i.main) refers to usart.o(i.MX_USART6_UART_Init) for MX_USART6_UART_Init
    main.o(i.main) refers to tim.o(i.MX_TIM6_Init) for MX_TIM6_Init
    main.o(i.main) refers to tim.o(i.MX_TIM7_Init) for MX_TIM7_Init
[...]
    _init_user_alloc                          - Undefined Weak Reference
    _initio                                   - Undefined Weak Reference
    _printf_mbtowc                            - Undefined Weak Reference
    _printf_wc                                - Undefined Weak Reference
    _rand_init                                - Undefined Weak Reference
    _signal_finish                            - Undefined Weak Reference
    _signal_init                              - Undefined Weak Reference
    _terminate_alloc                          - Undefined Weak Reference
    _terminate_user_alloc                     - Undefined Weak Reference
    _terminateio                              - Undefined Weak Reference
    __Vectors_Size                           0x000001ac   Number         0  startup_stm32f427xx.o ABSOLUTE
    __Vectors                                0x08000000   Data           4  startup_stm32f427xx.o(RESET)
    __Vectors_End                            0x080001ac   Data           0  startup_stm32f427xx.o(RESET)
    __main                                   0x080001ad   Thumb Code     8  __main.o(!!!main)
    __scatterload                            0x080001b5   Thumb Code     0  __scatter.o(!!!scatter)
    __scatterload_rt2                        0x080001b5   Thumb Code    44  __scatter.o(!!!scatter)
    __scatterload_rt2_thumb_only             0x080001b5   Thumb Code     0  __scatter.o(!!!scatter)
    __scatterload_null                       0x080001c3   Thumb Code     0  __scatter.o(!!!scatter)
    __decompress                             0x080001e9   Thumb Code    58  __dczerorl.o(!!dczerorl)
    __decompress0                            0x080001e9   Thumb Code     0  __dczerorl.o(!!dczerorl)
    __scatterload_zeroinit                   0x08000225   Thumb Code    28  __scatter_zi.o(!!handler_zi)
    __rt_lib_init                            0x08000241   Thumb Code     0  libinit.o(.ARM.Collect$$libinit$$00000000)
    __rt_lib_init_fp_1                       0x08000243   Thumb Code     0  libinit2.o(.ARM.Collect$$libinit$$00000001)
    __rt_lib_init_heap_1                     0x08000247   Thumb Code     0  libinit2.o(.ARM.Collect$$libinit$$0000000A)
    __rt_lib_init_lc_common                  0x08000247   Thumb Code     0  libinit2.o(.ARM.Collect$$libinit$$0000000F)
    __rt_lib_init_preinit_1                  0x08000247   Thumb Code     0  libinit2.o(.ARM.Collect$$libinit$$00000004)
    __rt_lib_init_rand_1                     0x08000247   Thumb Code     0  libinit2.o(.ARM.Collect$$libinit$$0000000E)
    __rt_lib_init_user_alloc_1               0x08000247   Thumb Code     0  libinit2.o(.ARM.Collect$$libinit$$0000000C)
    __rt_lib_init_lc_collate_1               0x0800024d   Thumb Code     0  libinit2.o(.ARM.Collect$$libinit$$00000011)
    __rt_lib_init_lc_ctype_2                 0x0800024d   Thumb Code     0  libinit2.o(.ARM.Collect$$libinit$$00000012)
    __rt_lib_init_alloca_1                   0x08000259   Thumb Code     0  libinit2.o(.ARM.Collect$$libinit$$0000002E)
    __rt_lib_init_argv_1                     0x08000259   Thumb Code     0  libinit2.o(.ARM.Collect$$libinit$$0000002C)
    __rt_lib_init_atexit_1                   0x08000259   Thumb Code     0  libinit2.o(.ARM.Collect$$libinit$$0000001B)
    __rt_lib_init_clock_1                    0x08000259   Thumb Code     0  libinit2.o(.ARM.Collect$$libinit$$00000021)
    __rt_lib_init_cpp_1                      0x08000259   Thumb Code     0  libinit2.o(.ARM.Collect$$libinit$$00000032)
    __rt_lib_init_exceptions_1               0x08000259   Thumb Code     0  libinit2.o(.ARM.Collect$$libinit$$00000030)
    __rt_lib_init_fp_trap_1                  0x08000259   Thumb Code     0  libinit2.o(.ARM.Collect$$libinit$$0000001F)
    __rt_lib_init_getenv_1                   0x08000259   Thumb Code     0  libinit2.o(.ARM.Collect$$libinit$$00000023)
    __rt_lib_init_lc_ctype_1                 0x08000259   Thumb Code     0  libinit2.o(.ARM.Collect$$libinit$$00000013)
    __rt_lib_init_lc_monetary_1              0x08000259   Thumb Code     0  libinit2.o(.ARM.Collect$$libinit$$00000015)
    __rt_lib_init_lc_numeric_1               0x08000259   Thumb Code     0  libinit2.o(.ARM.Collect$$libinit$$00000017)
    __rt_lib_init_lc_time_1                  0x08000259   Thumb Code     0  libinit2.o(.ARM.Collect$$libinit$$00000019)
    __rt_lib_init_return                     0x08000259   Thumb Code     0  libinit2.o(.ARM.Collect$$libinit$$00000033)
    __rt_lib_init_signal_1                   0x08000259   Thumb Code     0  libinit2.o(.ARM.Collect$$libinit$$0000001D)
    __rt_lib_init_stdio_1                    0x08000259   Thumb Code     0  libinit2.o(.ARM.Collect$$libinit$$00000025)
    __rt_lib_shutdown                        0x0800025b   Thumb Code     0  libshutdown.o(.ARM.Collect$$libshutdown$$00000000)
    __rt_lib_shutdown_cpp_1                  0x0800025d   Thumb Code     0  libshutdown2.o(.ARM.Collect$$libshutdown$$00000002)
    __rt_lib_shutdown_fp_trap_1              0x0800025d   Thumb Code     0  libshutdown2.o(.ARM.Collect$$libshutdown$$00000007)
    __rt_lib_shutdown_heap_1                 0x0800025d   Thumb Code     0  libshutdown2.o(.ARM.Collect$$libshutdown$$0000000F)
    __rt_lib_shutdown_return                 0x0800025d   Thumb Code     0  libshutdown2.o(.ARM.Collect$$libshutdown$$00000010)
    __rt_lib_shutdown_signal_1               0x0800025d   Thumb Code     0  libshutdown2.o(.ARM.Collect$$libshutdown$$0000000A)
    __rt_lib_shutdown_stdio_1                0x0800025d   Thumb Code     0  libshutdown2.o(.ARM.Collect$$libshutdown$$00000004)
    __rt_lib_shutdown_user_alloc_1           0x0800025d   Thumb Code     0  libshutdown2.o(.ARM.Collect$$libshutdown$$0000000C)
    __rt_entry                               0x0800025f   Thumb Code     0  __rtentry.o(.ARM.Collect$$rtentry$$00000000)
    __rt_entry_presh_1                       0x0800025f   Thumb Code     0  __rtentry2.o(.ARM.Collect$$rtentry$$00000002)
    __rt_entry_sh                            0x0800025f   Thumb Code     0  __rtentry4.o(.ARM.Collect$$rtentry$$00000004)
    __rt_entry_li                            0x08000265   Thumb Code     0  __rtentry2.o(.ARM.Collect$$rtentry$$0000000A)
    __rt_entry_postsh_1                      0x08000265   Thumb Code     0  __rtentry2.o(.ARM.Collect$$rtentry$$00000009)
    __rt_entry_main                          0x08000269   Thumb Code     0  __rtentry2.o(.ARM.Collect$$rtentry$$0000000D)
    __rt_entry_postli_1                      0x08000269   Thumb Code     0  __rtentry2.o(.ARM.Collect$$rtentry$$0000000C)
    __rt_exit                                0x08000271   Thumb Code     0  rtexit.o(.ARM.Collect$$rtexit$$00000000)
    __rt_exit_ls                             0x08000273   Thumb Code     0  rtexit2.o(.ARM.Collect$$rtexit$$00000003)
    __rt_exit_prels_1                        0x08000273   Thumb Code     0  rtexit2.o(.ARM.Collect$$rtexit$$00000002)
    __rt_exit_exit                           0x08000277   Thumb Code     0  rtexit2.o(.ARM.Collect$$rtexit$$00000004)
    SVC_Handler                              0x0800027d   Thumb Code    28  port.o(.emb_text)
    __asm___6_port_c_39a90d8d__prvStartFirstTask 0x0800029d   Thumb Code    36  port.o(.emb_text)
    __asm___6_port_c_39a90d8d__prvEnableVFP  0x080002c5   Thumb Code    16  port.o(.emb_text)
    PendSV_Handler                           0x080002d9   Thumb Code    88  port.o(.emb_text)
    vPortGetIPSR                             0x08000335   Thumb Code     6  port.o(.emb_text)
    Reset_Handler                            0x0800033d   Thumb Code     8  startup_stm32f427xx.o(.text)
    ADC_IRQHandler                           0x08000357   Thumb Code     0  startup_stm32f427xx.o(.text)
    CAN1_RX1_IRQHandler                      0x08000357   Thumb Code     0  startup_stm32f427xx.o(.text)
    CAN1_SCE_IRQHandler                      0x08000357   Thumb Code     0  startup_stm32f427xx.o(.text)
    CAN1_TX_IRQHandler                       0x08000357   Thumb Code     0  startup_stm32f427xx.o(.text)
    CAN2_RX1_IRQHandler                      0x08000357   Thumb Code     0  startup_stm32f427xx.o(.text)
    CAN2_SCE_IRQHandler                      0x08000357   Thumb Code     0  startup_stm32f427xx.o(.text)
    CAN2_TX_IRQHandler                       0x08000357   Thumb Code     0  startup_stm32f427xx.o(.text)
    DCMI_IRQHandler                          0x08000357   Thumb Code     0  startup_stm32f427xx.o(.text)
    DMA1_Stream2_IRQHandler                  0x08000357   Thumb Code     0  startup_stm32f427xx.o(.text)
    DMA1_Stream7_IRQHandler                  0x08000357   Thumb Code     0  startup_stm32f427xx.o(.text)
    DMA2D_IRQHandler                         0x08000357   Thumb Code     0  startup_stm32f427xx.o(.text)
    DMA2_Stream0_IRQHandler                  0x08000357   Thumb Code     0  startup_stm32f427xx.o(.text)
    DMA2_Stream2_IRQHandler                  0x08000357   Thumb Code     0  startup_stm32f427xx.o(.text)
    DMA2_Stream3_IRQHandler                  0x08000357   Thumb Code     0  startup_stm32f427xx.o(.text)
    DMA2_Stream4_IRQHandler                  0x08000357   Thumb Code     0  startup_stm32f427xx.o(.text)
    DMA2_Stream7_IRQHandler                  0x08000357   Thumb Code     0  startup_stm32f427xx.o(.text)
    ETH_IRQHandler                           0x08000357   Thumb Code     0  startup_stm32f427xx.o(.text)
    ETH_WKUP_IRQHandler                      0x08000357   Thumb Code     0  startup_stm32f427xx.o(.text)
    EXTI0_IRQHandler                         0x08000357   Thumb Code     0  startup_stm32f427xx.o(.text)
    EXTI15_10_IRQHandler                     0x08000357   Thumb Code     0  startup_stm32f427xx.o(.text)
    EXTI1_IRQHandler                         0x08000357   Thumb Code     0  startup_stm32f427xx.o(.text)
    EXTI2_IRQHandler                         0x08000357   Thumb Code     0  startup_stm32f427xx.o(.text)
    EXTI3_IRQHandler                         0x08000357   Thumb Code     0  startup_stm32f427xx.o(.text)
    EXTI4_IRQHandler                         0x08000357   Thumb Code     0  startup_stm32f427xx.o(.text)
    EXTI9_5_IRQHandler                       0x08000357   Thumb Code     0  startup_stm32f427xx.o(.text)
    FLASH_IRQHandler                         0x08000357   Thumb Code     0  startup_stm32f427xx.o(.text)
    FMC_IRQHandler                           0x08000357   Thumb Code     0  startup_stm32f427xx.o(.text)
    FPU_IRQHandler                           0x08000357   Thumb Code     0  startup_stm32f427xx.o(.text)
    HASH_RNG_IRQHandler                      0x08000357   Thumb Code     0  startup_stm32f427xx.o(.text)
    I2C1_ER_IRQHandler                       0x08000357   Thumb Code     0  startup_stm32f427xx.o(.text)
    I2C1_EV_IRQHandler                       0x08000357   Thumb Code     0  startup_stm32f427xx.o(.text)
    I2C2_ER_IRQHandler                       0x08000357   Thumb Code     0  startup_stm32f427xx.o(.text)
    I2C2_EV_IRQHandler                       0x08000357   Thumb Code     0  startup_stm32f427xx.o(.text)
    I2C3_ER_IRQHandler                       0x08000357   Thumb Code     0  startup_stm32f427xx.o(.text)
    I2C3_EV_IRQHandler                       0x08000357   Thumb Code     0  startup_stm32f427xx.o(.text)
    OTG_FS_IRQHandler                        0x08000357   Thumb Code     0  startup_stm32f427xx.o(.text)
    OTG_FS_WKUP_IRQHandler                   0x08000357   Thumb Code     0  startup_stm32f427xx.o(.text)
    OTG_HS_EP1_IN_IRQHandler                 0x08000357   Thumb Code     0  startup_stm32f427xx.o(.text)
    OTG_HS_EP1_OUT_IRQHandler                0x08000357   Thumb Code     0  startup_stm32f427xx.o(.text)
    OTG_HS_IRQHandler                        0x08000357   Thumb Code     0  startup_stm32f427xx.o(.text)
    OTG_HS_WKUP_IRQHandler                   0x08000357   Thumb Code     0  startup_stm32f427xx.o(.text)
    PVD_IRQHandler                           0x08000357   Thumb Code     0  startup_stm32f427xx.o(.text)
    RCC_IRQHandler                           0x08000357   Thumb Code     0  startup_stm32f427xx.o(.text)
    RTC_Alarm_IRQHandler                     0x08000357   Thumb Code     0  startup_stm32f427xx.o(.text)
    RTC_WKUP_IRQHandler                      0x08000357   Thumb Code     0  startup_stm32f427xx.o(.text)
    SAI1_IRQHandler                          0x08000357   Thumb Code     0  startup_stm32f427xx.o(.text)
    SDIO_IRQHandler                          0x08000357   Thumb Code     0  startup_stm32f427xx.o(.text)
    SPI1_IRQHandler                          0x08000357   Thumb Code     0  startup_stm32f427xx.o(.text)
    SPI2_IRQHandler                          0x08000357   Thumb Code     0  startup_stm32f427xx.o(.text)
    SPI3_IRQHandler                          0x08000357   Thumb Code     0  startup_stm32f427xx.o(.text)
    SPI4_IRQHandler                          0x08000357   Thumb Code     0  startup_stm32f427xx.o(.text)
    SPI5_IRQHandler                          0x08000357   Thumb Code     0  startup_stm32f427xx.o(.text)
    SPI6_IRQHandler                          0x08000357   Thumb Code     0  startup_stm32f427xx.o(.text)
    TAMP_STAMP_IRQHandler                    0x08000357   Thumb Code     0  startup_stm32f427xx.o(.text)
    TIM1_BRK_TIM9_IRQHandler                 0x08000357   Thumb Code     0  startup_stm32f427xx.o(.text)
    TIM1_CC_IRQHandler                       0x08000357   Thumb Code     0  startup_stm32f427xx.o(.text)
    TIM1_TRG_COM_TIM11_IRQHandler            0x08000357   Thumb Code     0  startup_stm32f427xx.o(.text)
    TIM1_UP_TIM10_IRQHandler                 0x08000357   Thumb Code     0  startup_stm32f427xx.o(.text)
    TIM2_IRQHandler                          0x08000357   Thumb Code     0  startup_stm32f427xx.o(.text)
    TIM3_IRQHandler                          0x08000357   Thumb Code     0  startup_stm32f427xx.o(.text)
    TIM4_IRQHandler                          0x08000357   Thumb Code     0  startup_stm32f427xx.o(.text)
    TIM5_IRQHandler                          0x08000357   Thumb Code     0  startup_stm32f427xx.o(.text)
    TIM8_BRK_TIM12_IRQHandler                0x08000357   Thumb Code     0  startup_stm32f427xx.o(.text)
    TIM8_CC_IRQHandler                       0x08000357   Thumb Code     0  startup_stm32f427xx.o(.text)
    TIM8_TRG_COM_TIM14_IRQHandler            0x08000357   Thumb Code     0  startup_stm32f427xx.o(.text)
    TIM8_UP_TIM13_IRQHandler                 0x08000357   Thumb Code     0  startup_stm32f427xx.o(.text)
    UART4_IRQHandler                         0x08000357   Thumb Code     0  startup_stm32f427xx.o(.text)
    UART5_IRQHandler                         0x08000357   Thumb Code     0  startup_stm32f427xx.o(.text)
    USART1_IRQHandler                        0x08000357   Thumb Code     0  startup_stm32f427xx.o(.text)
    WWDG_IRQHandler                          0x08000357   Thumb Code     0  startup_stm32f427xx.o(.text)
    __user_initial_stackheap                 0x08000359   Thumb Code     0  startup_stm32f427xx.o(.text)
    __aeabi_uldivmod                         0x0800037d   Thumb Code     0  lludivv7m.o(.text)
    _ll_udiv                                 0x0800037d   Thumb Code   238  lludivv7m.o(.text)
    atoi                                     0x0800046b   Thumb Code    26  atoi.o(.text)
    __aeabi_memcpy4                          0x08000485   Thumb Code     0  rt_memcpy_w.o(.text)
    __aeabi_memcpy8                          0x08000485   Thumb Code     0  rt_memcpy_w.o(.text)
    __rt_memcpy_w                            0x08000485   Thumb Code   100  rt_memcpy_w.o(.text)
    _memcpy_lastbytes_aligned                0x080004cd   Thumb Code     0  rt_memcpy_w.o(.text)
    __aeabi_memclr4                          0x080004e9   Thumb Code     0  rt_memclr_w.o(.text)
    __aeabi_memclr8                          0x080004e9   Thumb Code     0  rt_memclr_w.o(.text)
    __rt_memclr_w                            0x080004e9   Thumb Code    78  rt_memclr_w.o(.text)
    _memset_w                                0x080004ed   Thumb Code     0  rt_memclr_w.o(.text)
    __use_two_region_memory                  0x08000537   Thumb Code     2  heapauxi.o(.text)
    __rt_heap_escrow$2region                 0x08000539   Thumb Code     2  heapauxi.o(.text)
    __rt_heap_expand$2region                 0x0800053b   Thumb Code     2  heapauxi.o(.text)
    __aeabi_errno_addr                       0x0800053d   Thumb Code     8  rt_errno_addr_intlibspace.o(.text)
    __errno$intlibspace                      0x0800053d   Thumb Code     0  rt_errno_addr_intlibspace.o(.text)
    __rt_errno_addr$intlibspace              0x0800053d   Thumb Code     0  rt_errno_addr_intlibspace.o(.text)
    strtol                                   0x08000545   Thumb Code   112  strtol.o(.text)
    __user_libspace                          0x080005b5   Thumb Code     8  libspace.o(.text)
    __user_perproc_libspace                  0x080005b5   Thumb Code     0  libspace.o(.text)
    __user_perthread_libspace                0x080005b5   Thumb Code     0  libspace.o(.text)
    __rt_ctype_table                         0x080005bd   Thumb Code    16  rt_ctype_table.o(.text)
    _strtoul                                 0x080005cd   Thumb Code   158  _strtoul.o(.text)
    __user_setup_stackheap                   0x0800066b   Thumb Code    74  sys_stackheap_outer.o(.text)
    __rt_locale                              0x080006b5   Thumb Code     8  rt_locale_intlibspace.o(.text)
    _chval                                   0x080006bd   Thumb Code    28  _chval.o(.text)
    exit                                     0x080006d9   Thumb Code    18  exit.o(.text)
    strcmp                                   0x080006ed   Thumb Code   128  strcmpv7m.o(.text)
    _sys_exit                                0x0800076d   Thumb Code     8  sys_exit.o(.text)
    __I$use$semihosting                      0x08000779   Thumb Code     0  use_no_semi.o(.text)
    __use_no_semihosting_swi                 0x08000779   Thumb Code     2  use_no_semi.o(.text)
    BusFault_Handler                         0x0800077b   Thumb Code     2  stm32f4xx_it.o(i.BusFault_Handler)
    __semihosting_library_function           0x0800077b   Thumb Code     0  indicate_semi.o(.text)
    CAN1_RX0_IRQHandler                      0x0800077d   Thumb Code     6  stm32f4xx_it.o(i.CAN1_RX0_IRQHandler)
    CAN2_RX0_IRQHandler                      0x08000789   Thumb Code     6  stm32f4xx_it.o(i.CAN2_RX0_IRQHandler)
    CAN_send                                 0x08000795   Thumb Code    72  gld_can.o(i.CAN_send)
    Check_Sum                                0x080007e5   Thumb Code    54  message_task.o(i.Check_Sum)
    DMA1_Stream0_IRQHandler                  0x08000821   Thumb Code     6  stm32f4xx_it.o(i.DMA1_Stream0_IRQHandler)
    DMA1_Stream1_IRQHandler                  0x0800082d   Thumb Code     6  stm32f4xx_it.o(i.DMA1_Stream1_IRQHandler)
    DMA1_Stream3_IRQHandler                  0x08000839   Thumb Code     6  stm32f4xx_it.o(i.DMA1_Stream3_IRQHandler)
    DMA1_Stream4_IRQHandler                  0x08000845   Thumb Code     6  stm32f4xx_it.o(i.DMA1_Stream4_IRQHandler)
    DMA1_Stream5_IRQHandler                  0x08000851   Thumb Code     6  stm32f4xx_it.o(i.DMA1_Stream5_IRQHandler)
    DMA1_Stream6_IRQHandler                  0x0800085d   Thumb Code     6  stm32f4xx_it.o(i.DMA1_Stream6_IRQHandler)
    DMA2_Stream1_IRQHandler                  0x08000869   Thumb Code     6  stm32f4xx_it.o(i.DMA2_Stream1_IRQHandler)
    DMA2_Stream5_IRQHandler                  0x08000875   Thumb Code     6  stm32f4xx_it.o(i.DMA2_Stream5_IRQHandler)
    DMA2_Stream6_IRQHandler                  0x08000881   Thumb Code     6  stm32f4xx_it.o(i.DMA2_Stream6_IRQHandler)
    DebugMon_Handler                         0x08000931   Thumb Code     2  stm32f4xx_it.o(i.DebugMon_Handler)
    Error_Handler                            0x08000933   Thumb Code     4  main.o(i.Error_Handler)
    HAL_CAN_ActivateNotification             0x08000937   Thumb Code    36  stm32f4xx_hal_can.o(i.HAL_CAN_ActivateNotification)
    HAL_CAN_AddTxMessage                     0x0800095b   Thumb Code   200  stm32f4xx_hal_can.o(i.HAL_CAN_AddTxMessage)
    HAL_CAN_ConfigFilter                     0x08000a25   Thumb Code   262  stm32f4xx_hal_can.o(i.HAL_CAN_ConfigFilter)
    HAL_CAN_ErrorCallback                    0x08000b31   Thumb Code     2  stm32f4xx_hal_can.o(i.HAL_CAN_ErrorCallback)
    HAL_CAN_GetRxMessage                     0x08000b33   Thumb Code   232  stm32f4xx_hal_can.o(i.HAL_CAN_GetRxMessage)
    HAL_CAN_IRQHandler                       0x08000c1b   Thumb Code   508  stm32f4xx_hal_can.o(i.HAL_CAN_IRQHandler)
    HAL_CAN_Init                             0x08000e17   Thumb Code   282  stm32f4xx_hal_can.o(i.HAL_CAN_Init)
    HAL_CAN_MspInit                          0x08000f31   Thumb Code   228  can.o(i.HAL_CAN_MspInit)
    HAL_CAN_RxFifo0FullCallback              0x0800102d   Thumb Code     2  stm32f4xx_hal_can.o(i.HAL_CAN_RxFifo0FullCallback)
    HAL_CAN_RxFifo0MsgPendingCallback        0x08001031   Thumb Code   188  gld_can.o(i.HAL_CAN_RxFifo0MsgPendingCallback)
    HAL_CAN_RxFifo1FullCallback              0x080010fd   Thumb Code     2  stm32f4xx_hal_can.o(i.HAL_CAN_RxFifo1FullCallback)
    HAL_CAN_RxFifo1MsgPendingCallback        0x080010ff   Thumb Code     2  stm32f4xx_hal_can.o(i.HAL_CAN_RxFifo1MsgPendingCallback)
    HAL_CAN_SleepCallback                    0x08001101   Thumb Code     2  stm32f4xx_hal_can.o(i.HAL_CAN_SleepCallback)
    HAL_CAN_Start                            0x08001105   Thumb Code    88  stm32f4xx_hal_can.o(i.HAL_CAN_Start)
    HAL_CAN_TxMailbox0AbortCallback          0x0800115d   Thumb Code     2  stm32f4xx_hal_can.o(i.HAL_CAN_TxMailbox0AbortCallback)
    HAL_CAN_TxMailbox0CompleteCallback       0x0800115f   Thumb Code     2  stm32f4xx_hal_can.o(i.HAL_CAN_TxMailbox0CompleteCallback)
    HAL_CAN_TxMailbox1AbortCallback          0x08001161   Thumb Code     2  stm32f4xx_hal_can.o(i.HAL_CAN_TxMailbox1AbortCallback)
    HAL_CAN_TxMailbox1CompleteCallback       0x08001163   Thumb Code     2  stm32f4xx_hal_can.o(i.HAL_CAN_TxMailbox1CompleteCallback)
    HAL_CAN_TxMailbox2AbortCallback          0x08001165   Thumb Code     2  stm32f4xx_hal_can.o(i.HAL_CAN_TxMailbox2AbortCallback)
    HAL_CAN_TxMailbox2CompleteCallback       0x08001167   Thumb Code     2  stm32f4xx_hal_can.o(i.HAL_CAN_TxMailbox2CompleteCallback)
    HAL_CAN_WakeUpFromRxMsgCallback          0x08001169   Thumb Code     2  stm32f4xx_hal_can.o(i.HAL_CAN_WakeUpFromRxMsgCallback)
    HAL_DMA_Abort                            0x0800116b   Thumb Code   146  stm32f4xx_hal_dma.o(i.HAL_DMA_Abort)
    HAL_DMA_Abort_IT                         0x080011fd   Thumb Code    36  stm32f4xx_hal_dma.o(i.HAL_DMA_Abort_IT)
    HAL_DMA_IRQHandler                       0x08001221   Thumb Code   412  stm32f4xx_hal_dma.o(i.HAL_DMA_IRQHandler)
    HAL_DMA_Init                             0x080013c1   Thumb Code   206  stm32f4xx_hal_dma.o(i.HAL_DMA_Init)
    HAL_DMA_Start_IT                         0x08001495   Thumb Code   110  stm32f4xx_hal_dma.o(i.HAL_DMA_Start_IT)
    HAL_Delay                                0x08001505   Thumb Code    32  stm32f4xx_hal.o(i.HAL_Delay)
    HAL_GPIO_Init                            0x08001529   Thumb Code   510  stm32f4xx_hal_gpio.o(i.HAL_GPIO_Init)
    HAL_GPIO_ReadPin                         0x0800175d   Thumb Code    10  stm32f4xx_hal_gpio.o(i.HAL_GPIO_ReadPin)
    HAL_GPIO_WritePin                        0x08001767   Thumb Code    10  stm32f4xx_hal_gpio.o(i.HAL_GPIO_WritePin)
    HAL_GetTick                              0x08001771   Thumb Code     6  stm32f4xx_hal.o(i.HAL_GetTick)
    HAL_IncTick                              0x0800177d   Thumb Code    12  stm32f4xx_hal.o(i.HAL_IncTick)
    HAL_Init                                 0x0800178d   Thumb Code    48  stm32f4xx_hal.o(i.HAL_Init)
    HAL_InitTick                             0x080017c1   Thumb Code    54  stm32f4xx_hal.o(i.HAL_InitTick)
    HAL_MspInit                              0x08001801   Thumb Code    52  stm32f4xx_hal_msp.o(i.HAL_MspInit)
    HAL_NVIC_EnableIRQ                       0x08001839   Thumb Code    26  stm32f4xx_hal_cortex.o(i.HAL_NVIC_EnableIRQ)
    HAL_NVIC_SetPriority                     0x08001855   Thumb Code    60  stm32f4xx_hal_cortex.o(i.HAL_NVIC_SetPriority)
    HAL_NVIC_SetPriorityGrouping             0x08001895   Thumb Code    26  stm32f4xx_hal_cortex.o(i.HAL_NVIC_SetPriorityGrouping)
    HAL_RCC_ClockConfig                      0x080018b9   Thumb Code   288  stm32f4xx_hal_rcc.o(i.HAL_RCC_ClockConfig)
    HAL_RCC_GetPCLK1Freq                     0x080019ed   Thumb Code    20  stm32f4xx_hal_rcc.o(i.HAL_RCC_GetPCLK1Freq)
    HAL_RCC_GetPCLK2Freq                     0x08001a0d   Thumb Code    20  stm32f4xx_hal_rcc.o(i.HAL_RCC_GetPCLK2Freq)
    HAL_RCC_GetSysClockFreq                  0x08001a2d   Thumb Code    88  stm32f4xx_hal_rcc.o(i.HAL_RCC_GetSysClockFreq)
    HAL_RCC_OscConfig                        0x08001a91   Thumb Code   856  stm32f4xx_hal_rcc.o(i.HAL_RCC_OscConfig)
    HAL_SYSTICK_Config                       0x08001dfd   Thumb Code    40  stm32f4xx_hal_cortex.o(i.HAL_SYSTICK_Config)
    HAL_TIMEx_BreakCallback                  0x08001e25   Thumb Code     2  stm32f4xx_hal_tim_ex.o(i.HAL_TIMEx_BreakCallback)
    HAL_TIMEx_CommutCallback                 0x08001e27   Thumb Code     2  stm32f4xx_hal_tim_ex.o(i.HAL_TIMEx_CommutCallback)
    HAL_TIMEx_MasterConfigSynchronization    0x08001e29   Thumb Code   116  stm32f4xx_hal_tim_ex.o(i.HAL_TIMEx_MasterConfigSynchronization)
    HAL_TIM_Base_Init                        0x08001eb9   Thumb Code    90  stm32f4xx_hal_tim.o(i.HAL_TIM_Base_Init)
    HAL_TIM_Base_MspInit                     0x08001f15   Thumb Code   130  tim.o(i.HAL_TIM_Base_MspInit)
    HAL_TIM_Base_Start_IT                    0x08001fa9   Thumb Code   100  stm32f4xx_hal_tim.o(i.HAL_TIM_Base_Start_IT)
    HAL_TIM_ConfigClockSource                0x08002029   Thumb Code   220  stm32f4xx_hal_tim.o(i.HAL_TIM_ConfigClockSource)
    HAL_TIM_IC_CaptureCallback               0x08002105   Thumb Code     2  stm32f4xx_hal_tim.o(i.HAL_TIM_IC_CaptureCallback)
    HAL_TIM_IRQHandler                       0x08002107   Thumb Code   358  stm32f4xx_hal_tim.o(i.HAL_TIM_IRQHandler)
    HAL_TIM_MspPostInit                      0x0800226d   Thumb Code   112  tim.o(i.HAL_TIM_MspPostInit)
    HAL_TIM_OC_DelayElapsedCallback          0x080022ed   Thumb Code     2  stm32f4xx_hal_tim.o(i.HAL_TIM_OC_DelayElapsedCallback)
    HAL_TIM_PWM_ConfigChannel                0x080022ef   Thumb Code   204  stm32f4xx_hal_tim.o(i.HAL_TIM_PWM_ConfigChannel)
    HAL_TIM_PWM_Init                         0x080023bb   Thumb Code    90  stm32f4xx_hal_tim.o(i.HAL_TIM_PWM_Init)
    HAL_TIM_PWM_MspInit                      0x08002415   Thumb Code     2  stm32f4xx_hal_tim.o(i.HAL_TIM_PWM_MspInit)
    HAL_TIM_PWM_PulseFinishedCallback        0x08002417   Thumb Code     2  stm32f4xx_hal_tim.o(i.HAL_TIM_PWM_PulseFinishedCallback)
    HAL_TIM_PWM_Start                        0x08002419   Thumb Code   172  stm32f4xx_hal_tim.o(i.HAL_TIM_PWM_Start)
    HAL_TIM_PeriodElapsedCallback            0x080024e1   Thumb Code  1142  chassis_task.o(i.HAL_TIM_PeriodElapsedCallback)
    HAL_TIM_TriggerCallback                  0x08002957   Thumb Code     2  stm32f4xx_hal_tim.o(i.HAL_TIM_TriggerCallback)
    HAL_UARTEx_RxEventCallback               0x08002959   Thumb Code     2  stm32f4xx_hal_uart.o(i.HAL_UARTEx_RxEventCallback)
    HAL_UART_DMAStop                         0x0800295b   Thumb Code   112  stm32f4xx_hal_uart.o(i.HAL_UART_DMAStop)
    HAL_UART_ErrorCallback                   0x080029cb   Thumb Code     2  stm32f4xx_hal_uart.o(i.HAL_UART_ErrorCallback)
    HAL_UART_GetState                        0x080029cd   Thumb Code    10  stm32f4xx_hal_uart.o(i.HAL_UART_GetState)
    HAL_UART_IRQHandler                      0x080029d9   Thumb Code   610  stm32f4xx_hal_uart.o(i.HAL_UART_IRQHandler)
    HAL_UART_Init                            0x08002c41   Thumb Code    98  stm32f4xx_hal_uart.o(i.HAL_UART_Init)
    HAL_UART_MspInit                         0x08002ca5   Thumb Code  1068  usart.o(i.HAL_UART_MspInit)
    HAL_UART_Receive_DMA                     0x080030d1   Thumb Code    42  stm32f4xx_hal_uart.o(i.HAL_UART_Receive_DMA)
    HAL_UART_Receive_IT                      0x080030fb   Thumb Code    42  stm32f4xx_hal_uart.o(i.HAL_UART_Receive_IT)
    HAL_UART_RxCpltCallback                  0x08003125   Thumb Code   146  message_task.o(i.HAL_UART_RxCpltCallback)
    HAL_UART_RxHalfCpltCallback              0x080031c5   Thumb Code     2  stm32f4xx_hal_uart.o(i.HAL_UART_RxHalfCpltCallback)
    HAL_UART_Transmit_DMA                    0x080031c9   Thumb Code   126  stm32f4xx_hal_uart.o(i.HAL_UART_Transmit_DMA)
    HAL_UART_Transmit_IT                     0x08003255   Thumb Code    62  stm32f4xx_hal_uart.o(i.HAL_UART_Transmit_IT)
    HAL_UART_TxCpltCallback                  0x08003293   Thumb Code     2  stm32f4xx_hal_uart.o(i.HAL_UART_TxCpltCallback)
    HAL_UART_TxHalfCpltCallback              0x08003295   Thumb Code     2  stm32f4xx_hal_uart.o(i.HAL_UART_TxHalfCpltCallback)
    HardFault_Handler                        0x08003297   Thumb Code     2  stm32f4xx_it.o(i.HardFault_Handler)
    MX_CAN1_Init                             0x08003299   Thumb Code    60  can.o(i.MX_CAN1_Init)
    MX_CAN2_Init                             0x080032dd   Thumb Code    60  can.o(i.MX_CAN2_Init)
    MX_DMA_Init                              0x08003321   Thumb Code   184  dma.o(i.MX_DMA_Init)
    MX_FREERTOS_Init                         0x080033dd   Thumb Code    96  freertos.o(i.MX_FREERTOS_Init)
    MX_GPIO_Init                             0x08003445   Thumb Code   304  gpio.o(i.MX_GPIO_Init)
    MX_TIM2_Init                             0x0800358d   Thumb Code   196  tim.o(i.MX_TIM2_Init)
    MX_TIM4_Init                             0x08003655   Thumb Code   194  tim.o(i.MX_TIM4_Init)
    MX_TIM6_Init                             0x08003721   Thumb Code    62  tim.o(i.MX_TIM6_Init)
    MX_TIM7_Init                             0x08003769   Thumb Code    64  tim.o(i.MX_TIM7_Init)
    MX_UART7_Init                            0x080037b1   Thumb Code    48  usart.o(i.MX_UART7_Init)
    MX_UART8_Init                            0x080037e9   Thumb Code    48  usart.o(i.MX_UART8_Init)
    MX_USART1_UART_Init                      0x08003821   Thumb Code    54  usart.o(i.MX_USART1_UART_Init)
    MX_USART2_UART_Init                      0x08003865   Thumb Code    48  usart.o(i.MX_USART2_UART_Init)
    MX_USART3_UART_Init                      0x0800389d   Thumb Code    48  usart.o(i.MX_USART3_UART_Init)
    MX_USART6_UART_Init                      0x080038d5   Thumb Code    48  usart.o(i.MX_USART6_UART_Init)
    MemManage_Handler                        0x0800390d   Thumb Code     2  stm32f4xx_it.o(i.MemManage_Handler)
    NMI_Handler                              0x0800390f   Thumb Code     2  stm32f4xx_it.o(i.NMI_Handler)
    PID_calc                                 0x08003911   Thumb Code   564  pid.o(i.PID_calc)
    PID_init                                 0x08003b55   Thumb Code    88  pid.o(i.PID_init)
    RollerButton                             0x08003bb1   Thumb Code    70  upper_task.o(i.RollerButton)
    StartDefaultTask                         0x08003c11   Thumb Code     8  freertos.o(i.StartDefaultTask)
    SysTick_Handler                          0x08003c19   Thumb Code    24  stm32f4xx_it.o(i.SysTick_Handler)
    SystemClock_Config                       0x08003c31   Thumb Code   140  main.o(i.SystemClock_Config)
    SystemInit                               0x08003cc5   Thumb Code    12  system_stm32f4xx.o(i.SystemInit)
    TIM6_DAC_IRQHandler                      0x08003cd5   Thumb Code     6  stm32f4xx_it.o(i.TIM6_DAC_IRQHandler)
    TIM7_IRQHandler                          0x08003ce1   Thumb Code     6  stm32f4xx_it.o(i.TIM7_IRQHandler)
    TIM_Base_SetConfig                       0x08003ced   Thumb Code   156  stm32f4xx_hal_tim.o(i.TIM_Base_SetConfig)
    TIM_CCxChannelCmd                        0x08003db5   Thumb Code    26  stm32f4xx_hal_tim.o(i.TIM_CCxChannelCmd)
    TIM_ETR_SetConfig                        0x08003dcf   Thumb Code    20  stm32f4xx_hal_tim.o(i.TIM_ETR_SetConfig)
    TIM_OC2_SetConfig                        0x08003e55   Thumb Code    98  stm32f4xx_hal_tim.o(i.TIM_OC2_SetConfig)
    UART7_IRQHandler                         0x08003fc1   Thumb Code   132  stm32f4xx_it.o(i.UART7_IRQHandler)
    UART8_IRQHandler                         0x0800405d   Thumb Code   132  stm32f4xx_it.o(i.UART8_IRQHandler)
    UART_Start_Receive_DMA                   0x08004471   Thumb Code   134  stm32f4xx_hal_uart.o(i.UART_Start_Receive_DMA)
    UART_Start_Receive_IT                    0x08004505   Thumb Code    58  stm32f4xx_hal_uart.o(i.UART_Start_Receive_IT)
    USART2_IRQHandler                        0x08004541   Thumb Code   132  stm32f4xx_it.o(i.USART2_IRQHandler)
    USART3_IRQHandler                        0x080045dd   Thumb Code     6  stm32f4xx_it.o(i.USART3_IRQHandler)
    USART6_IRQHandler                        0x080045e9   Thumb Code   132  stm32f4xx_it.o(i.USART6_IRQHandler)
    UsageFault_Handler                       0x08004685   Thumb Code     2  stm32f4xx_it.o(i.UsageFault_Handler)
    __hardfp_fabs                            0x080046a7   Thumb Code    20  fabs.o(i.__hardfp_fabs)
    angle_total_can1                         0x080046bd   Thumb Code   166  gld_can.o(i.angle_total_can1)
    angle_total_can2                         0x08004771   Thumb Code   166  gld_can.o(i.angle_total_can2)
    can_filter_init                          0x08004825   Thumb Code    96  gld_can.o(i.can_filter_init)
    chassis_init                             0x0800488d   Thumb Code   378  chassis_task.o(i.chassis_init)
    chassis_movement                         0x08004a41   Thumb Code   464  chassis_task.o(i.chassis_movement)
    chassis_task                             0x08004c25   Thumb Code   244  chassis_task.o(i.chassis_task)
    data_transition                          0x08004d31   Thumb Code   184  message_task.o(i.data_transition)
    get_motor_message_can1                   0x08004e05   Thumb Code    12  gld_can.o(i.get_motor_message_can1)
    get_motor_message_can2                   0x08004e15   Thumb Code    12  gld_can.o(i.get_motor_message_can2)
    main                                     0x08004e25   Thumb Code   360  main.o(i.main)
    map                                      0x08004fcd   Thumb Code    20  chassis_task.o(i.map)
    message_task                             0x08004fe1   Thumb Code    80  message_task.o(i.message_task)
    osDelay                                  0x0800503d   Thumb Code    16  cmsis_os.o(i.osDelay)
    osKernelStart                            0x0800504d   Thumb Code    10  cmsis_os.o(i.osKernelStart)
    osThreadCreate                           0x08005057   Thumb Code    92  cmsis_os.o(i.osThreadCreate)
    pvPortMalloc                             0x0800543d   Thumb Code   224  heap_4.o(i.pvPortMalloc)
    pxPortInitialiseStack                    0x08005525   Thumb Code    38  port.o(i.pxPortInitialiseStack)
    read_key_pin                             0x08005551   Thumb Code    24  upper_task.o(i.read_key_pin)
    received_data_trans                      0x08005571   Thumb Code    12  message_task.o(i.received_data_trans)
    remote_control                           0x0800557d   Thumb Code   334  chassis_task.o(i.remote_control)
    stm32_2_ros                              0x080056e1   Thumb Code    36  message_task.o(i.stm32_2_ros)
    tuqiu_duoji_set                          0x0800570d   Thumb Code    12  upper_task.o(i.tuqiu_duoji_set)
    upper_init                               0x0800571d   Thumb Code   148  upper_task.o(i.upper_init)
    upper_task                               0x080057d1   Thumb Code    18  upper_task.o(i.upper_task)
    uxListRemove                             0x080057e3   Thumb Code    38  list.o(i.uxListRemove)
    vApplicationGetIdleTaskMemory            0x08005809   Thumb Code    16  freertos.o(i.vApplicationGetIdleTaskMemory)
    vListInitialise                          0x0800581d   Thumb Code    22  list.o(i.vListInitialise)
    vListInitialiseItem                      0x08005833   Thumb Code     6  list.o(i.vListInitialiseItem)
    vListInsert                              0x08005839   Thumb Code    54  list.o(i.vListInsert)
    vListInsertEnd                           0x0800586f   Thumb Code    24  list.o(i.vListInsertEnd)
    vPortEnterCritical                       0x08005889   Thumb Code    54  port.o(i.vPortEnterCritical)
    vPortExitCritical                        0x080058c9   Thumb Code    38  port.o(i.vPortExitCritical)
    vPortFree                                0x080058f5   Thumb Code    94  heap_4.o(i.vPortFree)
    vPortSetupTimerInterrupt                 0x08005959   Thumb Code    32  port.o(i.vPortSetupTimerInterrupt)
    vTaskDelay                               0x0800597d   Thumb Code    70  tasks.o(i.vTaskDelay)
    vTaskStartScheduler                      0x080059cd   Thumb Code   120  tasks.o(i.vTaskStartScheduler)
    vTaskSuspendAll                          0x08005a55   Thumb Code    10  tasks.o(i.vTaskSuspendAll)
    vTaskSwitchContext                       0x08005a65   Thumb Code    86  tasks.o(i.vTaskSwitchContext)
    warehousing_control                      0x08005ac5   Thumb Code   516  upper_task.o(i.warehousing_control)
    xPortStartScheduler                      0x08005d1d   Thumb Code   232  port.o(i.xPortStartScheduler)
    xPortSysTickHandler                      0x08005e21   Thumb Code    38  port.o(i.xPortSysTickHandler)
    xTaskCreate                              0x08005e4d   Thumb Code   108  tasks.o(i.xTaskCreate)
    xTaskCreateStatic                        0x08005eb9   Thumb Code    96  tasks.o(i.xTaskCreateStatic)
    xTaskGetSchedulerState                   0x08005f19   Thumb Code    24  tasks.o(i.xTaskGetSchedulerState)
    xTaskIncrementTick                       0x08005f35   Thumb Code   202  tasks.o(i.xTaskIncrementTick)
    xTaskResumeAll                           0x08006009   Thumb Code   190  tasks.o(i.xTaskResumeAll)
    xiqiu_duoji_set                          0x080060d5   Thumb Code    12  upper_task.o(i.xiqiu_duoji_set)
    _get_lc_ctype                            0x080060e5   Thumb Code    44  lc_ctype_c.o(locale$$code)
    __aeabi_d2f                              0x08006111   Thumb Code     0  d2f.o(x$fpl$d2f)
    _d2f                                     0x08006111   Thumb Code    98  d2f.o(x$fpl$d2f)
    __aeabi_dadd                             0x08006175   Thumb Code     0  daddsub_clz.o(x$fpl$dadd)
    _dadd                                    0x08006175   Thumb Code   332  daddsub_clz.o(x$fpl$dadd)
    __fpl_dcmp_Inf                           0x080062c5   Thumb Code    24  dcmpi.o(x$fpl$dcmpinf)
    __aeabi_i2d                              0x080062dd   Thumb Code     0  dflt_clz.o(x$fpl$dflt)
    _dflt                                    0x080062dd   Thumb Code    46  dflt_clz.o(x$fpl$dflt)
    __aeabi_cdcmple                          0x0800630d   Thumb Code     0  dleqf.o(x$fpl$dleqf)
    _dcmple                                  0x0800630d   Thumb Code   120  dleqf.o(x$fpl$dleqf)
    __fpl_dcmple_InfNaN                      0x0800636f   Thumb Code     0  dleqf.o(x$fpl$dleqf)
    __aeabi_dmul                             0x08006385   Thumb Code     0  dmul.o(x$fpl$dmul)
    _dmul                                    0x08006385   Thumb Code   332  dmul.o(x$fpl$dmul)
    __fpl_dnaninf                            0x080064d9   Thumb Code   156  dnaninf.o(x$fpl$dnaninf)
    __fpl_dretinf                            0x08006575   Thumb Code    12  dretinf.o(x$fpl$dretinf)
    __aeabi_cdrcmple                         0x08006581   Thumb Code     0  drleqf.o(x$fpl$drleqf)
    _drcmple                                 0x08006581   Thumb Code   108  drleqf.o(x$fpl$drleqf)
    __aeabi_dsub                             0x080065ed   Thumb Code     0  daddsub_clz.o(x$fpl$dsub)
    _dsub                                    0x080065ed   Thumb Code   464  daddsub_clz.o(x$fpl$dsub)
    __aeabi_f2d                              0x080067c1   Thumb Code     0  f2d.o(x$fpl$f2d)
    _f2d                                     0x080067c1   Thumb Code    86  f2d.o(x$fpl$f2d)
    __fpl_fnaninf                            0x08006817   Thumb Code   140  fnaninf.o(x$fpl$fnaninf)
    _fp_init                                 0x080068a3   Thumb Code    10  fpinit.o(x$fpl$fpinit)
    __fplib_config_fpu_vfp                   0x080068ab   Thumb Code     0  fpinit.o(x$fpl$fpinit)
    __fplib_config_pureend_doubles           0x080068ab   Thumb Code     0  fpinit.o(x$fpl$fpinit)
    __fpl_fretinf                            0x080068ad   Thumb Code    10  fretinf.o(x$fpl$fretinf)
    __I$use$fp                               0x080068b6   Number         0  usenofp.o(x$fpl$usenofp)
    AHBPrescTable                            0x08006930   Data          16  system_stm32f4xx.o(.constdata)
    APBPrescTable                            0x08006940   Data           8  system_stm32f4xx.o(.constdata)
    PID                                      0x08006948   Data          12  chassis_task.o(.constdata)
    PID_gyro                                 0x08006954   Data          12  chassis_task.o(.constdata)
    PID_odometer                             0x08006960   Data          12  chassis_task.o(.constdata)
    PID_3805_2006_speed                      0x0800696c   Data          12  upper_task.o(.constdata)
    PID_passage_3508_speed                   0x08006978   Data          12  upper_task.o(.constdata)
    Region$$Table$$Base                      0x080069a8   Number         0  anon$$obj.o(Region$$Table)
    Region$$Table$$Limit                     0x080069c8   Number         0  anon$$obj.o(Region$$Table)
    __ctype                                  0x080069d5   Data           0  lc_ctype_c.o(locale$$data)
    data_10_usatr2                           0x20000000   Data           4  main.o(.data)
    rx_len_usatr2                            0x20000004   Data           1  main.o(.data)
    date_l1_usatr2                           0x20000005   Data           5  main.o(.data)
    data_10_usatr6                           0x2000000c   Data           4  main.o(.data)
    rx_len_usatr6                            0x20000010   Data           1  main.o(.data)
    date_l1_usatr6                           0x20000011   Data           5  main.o(.data)
    yaw_angle                                0x20000018   Data           4  main.o(.data)
    data_10_usatr7                           0x2000001c   Data           4  main.o(.data)
    rx_len_usatr7                            0x20000020   Data           1  main.o(.data)
    date_l1_usatr7                           0x20000021   Data           5  main.o(.data)
    data_10_usatr8                           0x20000028   Data           4  main.o(.data)
    rx_len_usatr8                            0x2000002c   Data           1  main.o(.data)
    date_l1_usatr8                           0x2000002d   Data           5  main.o(.data)
    defaultTaskHandle                        0x20000034   Data           4  freertos.o(.data)
    CHASSISHandle                            0x20000038   Data           4  freertos.o(.data)
    UPPERHandle                              0x2000003c   Data           4  freertos.o(.data)
    MESSAGEHandle                            0x20000040   Data           4  freertos.o(.data)
    uwTickFreq                               0x20000048   Data           1  stm32f4xx_hal.o(.data)
    uwTickPrio                               0x2000004c   Data           4  stm32f4xx_hal.o(.data)
    uwTick                                   0x20000050   Data           4  stm32f4xx_hal.o(.data)
    SystemCoreClock                          0x20000054   Data           4  system_stm32f4xx.o(.data)
    pxCurrentTCB                             0x20000058   Data           4  tasks.o(.data)
    angle_target                             0x200000c0   Data           4  pid.o(.data)
    angle_actual                             0x200000c4   Data           4  pid.o(.data)
    err_absolute                             0x200000c8   Data           4  pid.o(.data)
    err_absolute_e                           0x200000cc   Data           4  pid.o(.data)
    CAN1_ID                                  0x200000d0   Data           1  gld_can.o(.data)
    CAN2_ID                                  0x200000d1   Data           1  gld_can.o(.data)
    w_gyro                                   0x200000dc   Data           4  chassis_task.o(.data)
    gyro_set                                 0x200000e0   Data           4  chassis_task.o(.data)
    i                                        0x200000e4   Data           4  chassis_task.o(.data)
    flag                                     0x200000e8   Data           4  chassis_task.o(.data)
    control                                  0x200000ec   Data           4  chassis_task.o(.data)
    wheel_one                                0x200000f0   Data           4  chassis_task.o(.data)
    wheel_two                                0x200000f4   Data           4  chassis_task.o(.data)
    wheel_three                              0x200000f8   Data           4  chassis_task.o(.data)
    wheel_four                               0x200000fc   Data           4  chassis_task.o(.data)
    PID_3508_pos                             0x20000100   Data          12  chassis_task.o(.data)
    PID_3508_v                               0x2000010c   Data          12  chassis_task.o(.data)
    keyflag1                                 0x20000118   Data           1  upper_task.o(.data)
    flagC                                    0x20000119   Data           1  upper_task.o(.data)
    flagR                                    0x2000011a   Data           1  upper_task.o(.data)
    read_key1                                0x2000011b   Data           1  upper_task.o(.data)
    passage_3508_speed                       0x2000011c   Data           8  upper_task.o(.data)
    Interrupt_Buffer                         0x20000124   Data           1  message_task.o(.data)
    rx_buffer_usatr2                         0x2000022c   Data          30  main.o(.bss)
    rx_buffer_usatr6                         0x2000024a   Data          30  main.o(.bss)
    rx_buffer_usatr7                         0x20000268   Data          30  main.o(.bss)
    rx_buffer_usatr8                         0x20000286   Data          30  main.o(.bss)
    sbus_rx_buffer                           0x200002a4   Data          18  main.o(.bss)
    RC_Ctl                                   0x200002b6   Data          22  main.o(.bss)
    hcan1                                    0x20000520   Data          40  can.o(.bss)
    hcan2                                    0x20000548   Data          40  can.o(.bss)
    htim2                                    0x20000570   Data          72  tim.o(.bss)
    htim4                                    0x200005b8   Data          72  tim.o(.bss)
    htim6                                    0x20000600   Data          72  tim.o(.bss)
    htim7                                    0x20000648   Data          72  tim.o(.bss)
    huart7                                   0x20000690   Data          68  usart.o(.bss)
    huart8                                   0x200006d4   Data          68  usart.o(.bss)
    huart1                                   0x20000718   Data          68  usart.o(.bss)
    huart2                                   0x2000075c   Data          68  usart.o(.bss)
    huart3                                   0x200007a0   Data          68  usart.o(.bss)
    huart6                                   0x200007e4   Data          68  usart.o(.bss)
    hdma_uart7_rx                            0x20000828   Data          96  usart.o(.bss)
    hdma_uart7_tx                            0x20000888   Data          96  usart.o(.bss)
    hdma_uart8_rx                            0x200008e8   Data          96  usart.o(.bss)
    hdma_uart8_tx                            0x20000948   Data          96  usart.o(.bss)
    hdma_usart1_rx                           0x200009a8   Data          96  usart.o(.bss)
    hdma_usart2_rx                           0x20000a08   Data          96  usart.o(.bss)
    hdma_usart3_tx                           0x20000a68   Data          96  usart.o(.bss)
    hdma_usart6_rx                           0x20000ac8   Data          96  usart.o(.bss)
    hdma_usart6_tx                           0x20000b28   Data          96  usart.o(.bss)
    Cumulative_angle_can1                    0x20004878   Data          32  gld_can.o(.bss)
    Cumulative_angle_start_flag_can1         0x20004898   Data          16  gld_can.o(.bss)
    start_angle_record_can1                  0x200048a8   Data          16  gld_can.o(.bss)
    Cumulative_angle_can2                    0x200048b8   Data          32  gld_can.o(.bss)
    Cumulative_angle_start_flag_can2         0x200048d8   Data          16  gld_can.o(.bss)
    start_angle_record_can2                  0x200048e8   Data          16  gld_can.o(.bss)
    motor_date_can1                          0x200048f8   Data          80  gld_can.o(.bss)
    motor_date_can2                          0x20004948   Data          80  gld_can.o(.bss)
    angle_gm3508                             0x200049b0   Data          32  chassis_task.o(.bss)
    set_speed                                0x200049d0   Data          10  chassis_task.o(.bss)
    wheel                                    0x200049dc   Data          16  chassis_task.o(.bss)
    line_speed                               0x200049ec   Data          16  chassis_task.o(.bss)
    actual_speed                             0x200049fc   Data          12  chassis_task.o(.bss)
    actual_distance_xyz                      0x20004a08   Data          12  chassis_task.o(.bss)
    motor_data                               0x20004a14   Data          32  chassis_task.o(.bss)
    motor_data_can2                          0x20004a34   Data          32  chassis_task.o(.bss)
    motor_pid                                0x20004a54   Data         304  chassis_task.o(.bss)
    gyro_pid                                 0x20004b84   Data          76  chassis_task.o(.bss)
    chassis_odometer                         0x20004bd0   Data         228  chassis_task.o(.bss)
    motor_pid_3508_pos                       0x20004cb4   Data         304  chassis_task.o(.bss)
    motor_pid_3508_v                         0x20004de4   Data         304  chassis_task.o(.bss)
    speed_3805_2006                          0x20004f14   Data          12  upper_task.o(.bss)
    pid_3805_2006_speed                      0x20004f20   Data         304  upper_task.o(.bss)
    pid_passage_3508_speed                   0x20005050   Data         152  upper_task.o(.bss)
    Send_Data                                0x200050e8   Data          40  message_task.o(.bss)
    Receive_Data                             0x20005110   Data          32  message_task.o(.bss)
    Robot_Control                            0x20005130   Data          16  message_task.o(.bss)
    __libspace_start                         0x20005140   Data          96  libspace.o(.bss)
    __temporary_stack_top$libspace           0x200051a0   Data           0  libspace.o(.bss)



==============================================================================

Memory Map of the image

  Image Entry point : 0x080001ad

  Load Region LR_IROM1 (Base: 0x08000000, Size: 0x00006c04, Max: 0x00200000, ABSOLUTE, COMPRESSED[0x00006b00])

    Execution Region ER_IROM1 (Base: 0x08000000, Size: 0x00006ad8, Max: 0x00200000, ABSOLUTE)

    Base Addr    Size         Type   Attr      Idx    E Section Name        Object

    0x08000000   0x000001ac   Data   RO            3    RESET               startup_stm32f427xx.o
    0x080001ac   0x00000008   Code   RO         5448  * !!!main             c_w.l(__main.o)
    0x080001b4   0x00000034   Code   RO         5832    !!!scatter          c_w.l(__scatter.o)
    0x080001e8   0x0000003a   Code   RO         5830    !!dczerorl          c_w.l(__dczerorl.o)
    0x08000222   0x00000002   PAD
    0x08000224   0x0000001c   Code   RO         5834    !!handler_zi        c_w.l(__scatter_zi.o)
    0x08000240   0x00000002   Code   RO         5697    .ARM.Collect$$libinit$$00000000  c_w.l(libinit.o)
    0x08000242   0x00000004   Code   RO         5712    .ARM.Collect$$libinit$$00000001  c_w.l(libinit2.o)
    0x08000246   0x00000000   Code   RO         5715    .ARM.Collect$$libinit$$00000004  c_w.l(libinit2.o)
    0x08000246   0x00000000   Code   RO         5718    .ARM.Collect$$libinit$$0000000A  c_w.l(libinit2.o)
    0x08000246   0x00000000   Code   RO         5720    .ARM.Collect$$libinit$$0000000C  c_w.l(libinit2.o)
    0x08000246   0x00000000   Code   RO         5722    .ARM.Collect$$libinit$$0000000E  c_w.l(libinit2.o)
    0x08000246   0x00000006   Code   RO         5723    .ARM.Collect$$libinit$$0000000F  c_w.l(libinit2.o)
    0x0800024c   0x00000000   Code   RO         5725    .ARM.Collect$$libinit$$00000011  c_w.l(libinit2.o)
    0x0800024c   0x0000000c   Code   RO         5726    .ARM.Collect$$libinit$$00000012  c_w.l(libinit2.o)
    0x08000258   0x00000000   Code   RO         5727    .ARM.Collect$$libinit$$00000013  c_w.l(libinit2.o)
    0x08000258   0x00000000   Code   RO         5729    .ARM.Collect$$libinit$$00000015  c_w.l(libinit2.o)
    0x08000258   0x00000000   Code   RO         5731    .ARM.Collect$$libinit$$00000017  c_w.l(libinit2.o)
    0x08000258   0x00000000   Code   RO         5733    .ARM.Collect$$libinit$$00000019  c_w.l(libinit2.o)
    0x08000258   0x00000000   Code   RO         5735    .ARM.Collect$$libinit$$0000001B  c_w.l(libinit2.o)
    0x08000258   0x00000000   Code   RO         5737    .ARM.Collect$$libinit$$0000001D  c_w.l(libinit2.o)
    0x08000258   0x00000000   Code   RO         5739    .ARM.Collect$$libinit$$0000001F  c_w.l(libinit2.o)
    0x08000258   0x00000000   Code   RO         5741    .ARM.Collect$$libinit$$00000021  c_w.l(libinit2.o)
    0x08000258   0x00000000   Code   RO         5743    .ARM.Collect$$libinit$$00000023  c_w.l(libinit2.o)
    0x08000258   0x00000000   Code   RO         5745    .ARM.Collect$$libinit$$00000025  c_w.l(libinit2.o)
    0x08000258   0x00000000   Code   RO         5749    .ARM.Collect$$libinit$$0000002C  c_w.l(libinit2.o)
    0x08000258   0x00000000   Code   RO         5751    .ARM.Collect$$libinit$$0000002E  c_w.l(libinit2.o)
    0x08000258   0x00000000   Code   RO         5753    .ARM.Collect$$libinit$$00000030  c_w.l(libinit2.o)
    0x08000258   0x00000000   Code   RO         5755    .ARM.Collect$$libinit$$00000032  c_w.l(libinit2.o)
    0x08000258   0x00000002   Code   RO         5756    .ARM.Collect$$libinit$$00000033  c_w.l(libinit2.o)
    0x0800025a   0x00000002   Code   RO         5787    .ARM.Collect$$libshutdown$$00000000  c_w.l(libshutdown.o)
    0x0800025c   0x00000000   Code   RO         5813    .ARM.Collect$$libshutdown$$00000002  c_w.l(libshutdown2.o)
    0x0800025c   0x00000000   Code   RO         5815    .ARM.Collect$$libshutdown$$00000004  c_w.l(libshutdown2.o)
    0x0800025c   0x00000000   Code   RO         5818    .ARM.Collect$$libshutdown$$00000007  c_w.l(libshutdown2.o)
    0x0800025c   0x00000000   Code   RO         5821    .ARM.Collect$$libshutdown$$0000000A  c_w.l(libshutdown2.o)
    0x0800025c   0x00000000   Code   RO         5823    .ARM.Collect$$libshutdown$$0000000C  c_w.l(libshutdown2.o)
    0x0800025c   0x00000000   Code   RO         5826    .ARM.Collect$$libshutdown$$0000000F  c_w.l(libshutdown2.o)
    0x0800025c   0x00000002   Code   RO         5827    .ARM.Collect$$libshutdown$$00000010  c_w.l(libshutdown2.o)
    0x0800025e   0x00000000   Code   RO         5478    .ARM.Collect$$rtentry$$00000000  c_w.l(__rtentry.o)
    0x0800025e   0x00000000   Code   RO         5606    .ARM.Collect$$rtentry$$00000002  c_w.l(__rtentry2.o)
    0x0800025e   0x00000006   Code   RO         5618    .ARM.Collect$$rtentry$$00000004  c_w.l(__rtentry4.o)
    0x08000264   0x00000000   Code   RO         5608    .ARM.Collect$$rtentry$$00000009  c_w.l(__rtentry2.o)
    0x08000264   0x00000004   Code   RO         5609    .ARM.Collect$$rtentry$$0000000A  c_w.l(__rtentry2.o)
    0x08000268   0x00000000   Code   RO         5611    .ARM.Collect$$rtentry$$0000000C  c_w.l(__rtentry2.o)
    0x08000268   0x00000008   Code   RO         5612    .ARM.Collect$$rtentry$$0000000D  c_w.l(__rtentry2.o)
    0x08000270   0x00000002   Code   RO         5702    .ARM.Collect$$rtexit$$00000000  c_w.l(rtexit.o)
    0x08000272   0x00000000   Code   RO         5760    .ARM.Collect$$rtexit$$00000002  c_w.l(rtexit2.o)
    0x08000272   0x00000004   Code   RO         5761    .ARM.Collect$$rtexit$$00000003  c_w.l(rtexit2.o)
    0x08000276   0x00000006   Code   RO         5762    .ARM.Collect$$rtexit$$00000004  c_w.l(rtexit2.o)
    0x0800027c   0x000000be   Code   RO         4816    .emb_text           port.o
    0x0800033a   0x00000002   PAD
    0x0800033c   0x00000040   Code   RO            4    .text               startup_stm32f427xx.o
    0x0800037c   0x000000ee   Code   RO         5432    .text               c_w.l(lludivv7m.o)
    0x0800046a   0x0000001a   Code   RO         5436    .text               c_w.l(atoi.o)
    0x08000484   0x00000064   Code   RO         5440    .text               c_w.l(rt_memcpy_w.o)
    0x080004e8   0x0000004e   Code   RO         5444    .text               c_w.l(rt_memclr_w.o)
    0x08000536   0x00000006   Code   RO         5446    .text               c_w.l(heapauxi.o)
    0x0800053c   0x00000008   Code   RO         5486    .text               c_w.l(rt_errno_addr_intlibspace.o)
    0x08000544   0x00000070   Code   RO         5579    .text               c_w.l(strtol.o)
    0x080005b4   0x00000008   Code   RO         5602    .text               c_w.l(libspace.o)
    0x080005bc   0x00000010   Code   RO         5620    .text               c_w.l(rt_ctype_table.o)
    0x080005cc   0x0000009e   Code   RO         5640    .text               c_w.l(_strtoul.o)
    0x0800066a   0x0000004a   Code   RO         5644    .text               c_w.l(sys_stackheap_outer.o)
    0x080006b4   0x00000008   Code   RO         5649    .text               c_w.l(rt_locale_intlibspace.o)
    0x080006bc   0x0000001c   Code   RO         5653    .text               c_w.l(_chval.o)
    0x080006d8   0x00000012   Code   RO         5686    .text               c_w.l(exit.o)
    0x080006ea   0x00000002   PAD
    0x080006ec   0x00000080   Code   RO         5710    .text               c_w.l(strcmpv7m.o)
    0x0800076c   0x0000000c   Code   RO         5757    .text               c_w.l(sys_exit.o)
    0x08000778   0x00000002   Code   RO         5776    .text               c_w.l(use_no_semi.o)
    0x0800077a   0x00000000   Code   RO         5778    .text               c_w.l(indicate_semi.o)
    0x0800077a   0x00000002   Code   RO          566    i.BusFault_Handler  stm32f4xx_it.o
    0x0800077c   0x0000000c   Code   RO          567    i.CAN1_RX0_IRQHandler  stm32f4xx_it.o
    0x08000788   0x0000000c   Code   RO          568    i.CAN2_RX0_IRQHandler  stm32f4xx_it.o
    0x08000794   0x00000050   Code   RO         5048    i.CAN_send          gld_can.o
    0x080007e4   0x0000003c   Code   RO         5355    i.Check_Sum         message_task.o
    0x08000820   0x0000000c   Code   RO          569    i.DMA1_Stream0_IRQHandler  stm32f4xx_it.o
    0x0800082c   0x0000000c   Code   RO          570    i.DMA1_Stream1_IRQHandler  stm32f4xx_it.o
    0x08000838   0x0000000c   Code   RO          571    i.DMA1_Stream3_IRQHandler  stm32f4xx_it.o
    0x08000844   0x0000000c   Code   RO          572    i.DMA1_Stream4_IRQHandler  stm32f4xx_it.o
    0x08000850   0x0000000c   Code   RO          573    i.DMA1_Stream5_IRQHandler  stm32f4xx_it.o
    0x0800085c   0x0000000c   Code   RO          574    i.DMA1_Stream6_IRQHandler  stm32f4xx_it.o
    0x08000868   0x0000000c   Code   RO          575    i.DMA2_Stream1_IRQHandler  stm32f4xx_it.o
    0x08000874   0x0000000c   Code   RO          576    i.DMA2_Stream5_IRQHandler  stm32f4xx_it.o
    0x08000880   0x0000000c   Code   RO          577    i.DMA2_Stream6_IRQHandler  stm32f4xx_it.o
    0x0800088c   0x00000028   Code   RO         1507    i.DMA_CalcBaseAndBitshift  stm32f4xx_hal_dma.o
    0x080008b4   0x00000054   Code   RO         1508    i.DMA_CheckFifoParam  stm32f4xx_hal_dma.o
    0x08000908   0x00000028   Code   RO         1509    i.DMA_SetConfig     stm32f4xx_hal_dma.o
    0x08000930   0x00000002   Code   RO          578    i.DebugMon_Handler  stm32f4xx_it.o
    0x08000932   0x00000004   Code   RO           13    i.Error_Handler     main.o
    0x08000936   0x00000024   Code   RO          763    i.HAL_CAN_ActivateNotification  stm32f4xx_hal_can.o
    0x0800095a   0x000000c8   Code   RO          764    i.HAL_CAN_AddTxMessage  stm32f4xx_hal_can.o
    0x08000a22   0x00000002   PAD
    0x08000a24   0x0000010c   Code   RO          765    i.HAL_CAN_ConfigFilter  stm32f4xx_hal_can.o
    0x08000b30   0x00000002   Code   RO          768    i.HAL_CAN_ErrorCallback  stm32f4xx_hal_can.o
    0x08000b32   0x000000e8   Code   RO          771    i.HAL_CAN_GetRxMessage  stm32f4xx_hal_can.o
    0x08000c1a   0x000001fc   Code   RO          775    i.HAL_CAN_IRQHandler  stm32f4xx_hal_can.o
    0x08000e16   0x0000011a   Code   RO          776    i.HAL_CAN_Init      stm32f4xx_hal_can.o
    0x08000f30   0x000000fc   Code   RO          356    i.HAL_CAN_MspInit   can.o
    0x0800102c   0x00000002   Code   RO          783    i.HAL_CAN_RxFifo0FullCallback  stm32f4xx_hal_can.o
    0x0800102e   0x00000002   PAD
    0x08001030   0x000000cc   Code   RO         5049    i.HAL_CAN_RxFifo0MsgPendingCallback  gld_can.o
    0x080010fc   0x00000002   Code   RO          785    i.HAL_CAN_RxFifo1FullCallback  stm32f4xx_hal_can.o
    0x080010fe   0x00000002   Code   RO          786    i.HAL_CAN_RxFifo1MsgPendingCallback  stm32f4xx_hal_can.o
    0x08001100   0x00000002   Code   RO          787    i.HAL_CAN_SleepCallback  stm32f4xx_hal_can.o
    0x08001102   0x00000002   PAD
    0x08001104   0x00000058   Code   RO          788    i.HAL_CAN_Start     stm32f4xx_hal_can.o
    0x0800115c   0x00000002   Code   RO          790    i.HAL_CAN_TxMailbox0AbortCallback  stm32f4xx_hal_can.o
    0x0800115e   0x00000002   Code   RO          791    i.HAL_CAN_TxMailbox0CompleteCallback  stm32f4xx_hal_can.o
    0x08001160   0x00000002   Code   RO          792    i.HAL_CAN_TxMailbox1AbortCallback  stm32f4xx_hal_can.o
    0x08001162   0x00000002   Code   RO          793    i.HAL_CAN_TxMailbox1CompleteCallback  stm32f4xx_hal_can.o
    0x08001164   0x00000002   Code   RO          794    i.HAL_CAN_TxMailbox2AbortCallback  stm32f4xx_hal_can.o
    0x08001166   0x00000002   Code   RO          795    i.HAL_CAN_TxMailbox2CompleteCallback  stm32f4xx_hal_can.o
    0x08001168   0x00000002   Code   RO          797    i.HAL_CAN_WakeUpFromRxMsgCallback  stm32f4xx_hal_can.o
    0x0800116a   0x00000092   Code   RO         1510    i.HAL_DMA_Abort     stm32f4xx_hal_dma.o
    0x080011fc   0x00000024   Code   RO         1511    i.HAL_DMA_Abort_IT  stm32f4xx_hal_dma.o
    0x08001220   0x000001a0   Code   RO         1515    i.HAL_DMA_IRQHandler  stm32f4xx_hal_dma.o
    0x080013c0   0x000000d4   Code   RO         1516    i.HAL_DMA_Init      stm32f4xx_hal_dma.o
    0x08001494   0x0000006e   Code   RO         1520    i.HAL_DMA_Start_IT  stm32f4xx_hal_dma.o
    0x08001502   0x00000002   PAD
    0x08001504   0x00000024   Code   RO         1947    i.HAL_Delay         stm32f4xx_hal.o
    0x08001528   0x00000234   Code   RO         1403    i.HAL_GPIO_Init     stm32f4xx_hal_gpio.o
    0x0800175c   0x0000000a   Code   RO         1405    i.HAL_GPIO_ReadPin  stm32f4xx_hal_gpio.o
    0x08001766   0x0000000a   Code   RO         1407    i.HAL_GPIO_WritePin  stm32f4xx_hal_gpio.o
    0x08001770   0x0000000c   Code   RO         1955    i.HAL_GetTick       stm32f4xx_hal.o
    0x0800177c   0x00000010   Code   RO         1961    i.HAL_IncTick       stm32f4xx_hal.o
    0x0800178c   0x00000034   Code   RO         1962    i.HAL_Init          stm32f4xx_hal.o
    0x080017c0   0x00000040   Code   RO         1963    i.HAL_InitTick      stm32f4xx_hal.o
    0x08001800   0x00000038   Code   RO          738    i.HAL_MspInit       stm32f4xx_hal_msp.o
    0x08001838   0x0000001a   Code   RO         1810    i.HAL_NVIC_EnableIRQ  stm32f4xx_hal_cortex.o
    0x08001852   0x00000002   PAD
    0x08001854   0x00000040   Code   RO         1816    i.HAL_NVIC_SetPriority  stm32f4xx_hal_cortex.o
    0x08001894   0x00000024   Code   RO         1817    i.HAL_NVIC_SetPriorityGrouping  stm32f4xx_hal_cortex.o
    0x080018b8   0x00000134   Code   RO          997    i.HAL_RCC_ClockConfig  stm32f4xx_hal_rcc.o
    0x080019ec   0x00000020   Code   RO         1004    i.HAL_RCC_GetPCLK1Freq  stm32f4xx_hal_rcc.o
    0x08001a0c   0x00000020   Code   RO         1005    i.HAL_RCC_GetPCLK2Freq  stm32f4xx_hal_rcc.o
    0x08001a2c   0x00000064   Code   RO         1006    i.HAL_RCC_GetSysClockFreq  stm32f4xx_hal_rcc.o
    0x08001a90   0x0000036c   Code   RO         1009    i.HAL_RCC_OscConfig  stm32f4xx_hal_rcc.o
    0x08001dfc   0x00000028   Code   RO         1821    i.HAL_SYSTICK_Config  stm32f4xx_hal_cortex.o
    0x08001e24   0x00000002   Code   RO         2916    i.HAL_TIMEx_BreakCallback  stm32f4xx_hal_tim_ex.o
    0x08001e26   0x00000002   Code   RO         2917    i.HAL_TIMEx_CommutCallback  stm32f4xx_hal_tim_ex.o
    0x08001e28   0x00000090   Code   RO         2935    i.HAL_TIMEx_MasterConfigSynchronization  stm32f4xx_hal_tim_ex.o
    0x08001eb8   0x0000005a   Code   RO         2212    i.HAL_TIM_Base_Init  stm32f4xx_hal_tim.o
    0x08001f12   0x00000002   PAD
    0x08001f14   0x00000094   Code   RO          429    i.HAL_TIM_Base_MspInit  tim.o
    0x08001fa8   0x00000080   Code   RO         2217    i.HAL_TIM_Base_Start_IT  stm32f4xx_hal_tim.o
    0x08002028   0x000000dc   Code   RO         2221    i.HAL_TIM_ConfigClockSource  stm32f4xx_hal_tim.o
    0x08002104   0x00000002   Code   RO         2246    i.HAL_TIM_IC_CaptureCallback  stm32f4xx_hal_tim.o
    0x08002106   0x00000166   Code   RO         2260    i.HAL_TIM_IRQHandler  stm32f4xx_hal_tim.o
    0x0800226c   0x00000080   Code   RO          430    i.HAL_TIM_MspPostInit  tim.o
    0x080022ec   0x00000002   Code   RO         2263    i.HAL_TIM_OC_DelayElapsedCallback  stm32f4xx_hal_tim.o
    0x080022ee   0x000000cc   Code   RO         2284    i.HAL_TIM_PWM_ConfigChannel  stm32f4xx_hal_tim.o
    0x080023ba   0x0000005a   Code   RO         2287    i.HAL_TIM_PWM_Init  stm32f4xx_hal_tim.o
    0x08002414   0x00000002   Code   RO         2289    i.HAL_TIM_PWM_MspInit  stm32f4xx_hal_tim.o
    0x08002416   0x00000002   Code   RO         2290    i.HAL_TIM_PWM_PulseFinishedCallback  stm32f4xx_hal_tim.o
    0x08002418   0x000000c8   Code   RO         2292    i.HAL_TIM_PWM_Start  stm32f4xx_hal_tim.o
    0x080024e0   0x00000476   Code   RO         5191    i.HAL_TIM_PeriodElapsedCallback  chassis_task.o
    0x08002956   0x00000002   Code   RO         2303    i.HAL_TIM_TriggerCallback  stm32f4xx_hal_tim.o
    0x08002958   0x00000002   Code   RO         3194    i.HAL_UARTEx_RxEventCallback  stm32f4xx_hal_uart.o
    0x0800295a   0x00000070   Code   RO         3206    i.HAL_UART_DMAStop  stm32f4xx_hal_uart.o
    0x080029ca   0x00000002   Code   RO         3208    i.HAL_UART_ErrorCallback  stm32f4xx_hal_uart.o
    0x080029cc   0x0000000a   Code   RO         3210    i.HAL_UART_GetState  stm32f4xx_hal_uart.o
    0x080029d6   0x00000002   PAD
    0x080029d8   0x00000268   Code   RO         3211    i.HAL_UART_IRQHandler  stm32f4xx_hal_uart.o
    0x08002c40   0x00000062   Code   RO         3212    i.HAL_UART_Init     stm32f4xx_hal_uart.o
    0x08002ca2   0x00000002   PAD
    0x08002ca4   0x0000042c   Code   RO          495    i.HAL_UART_MspInit  usart.o
    0x080030d0   0x0000002a   Code   RO         3216    i.HAL_UART_Receive_DMA  stm32f4xx_hal_uart.o
    0x080030fa   0x0000002a   Code   RO         3217    i.HAL_UART_Receive_IT  stm32f4xx_hal_uart.o
    0x08003124   0x000000a0   Code   RO         5356    i.HAL_UART_RxCpltCallback  message_task.o
    0x080031c4   0x00000002   Code   RO         3219    i.HAL_UART_RxHalfCpltCallback  stm32f4xx_hal_uart.o
    0x080031c6   0x00000002   PAD
    0x080031c8   0x0000008c   Code   RO         3221    i.HAL_UART_Transmit_DMA  stm32f4xx_hal_uart.o
    0x08003254   0x0000003e   Code   RO         3222    i.HAL_UART_Transmit_IT  stm32f4xx_hal_uart.o
    0x08003292   0x00000002   Code   RO         3223    i.HAL_UART_TxCpltCallback  stm32f4xx_hal_uart.o
    0x08003294   0x00000002   Code   RO         3224    i.HAL_UART_TxHalfCpltCallback  stm32f4xx_hal_uart.o
    0x08003296   0x00000002   Code   RO          579    i.HardFault_Handler  stm32f4xx_it.o
    0x08003298   0x00000044   Code   RO          357    i.MX_CAN1_Init      can.o
    0x080032dc   0x00000044   Code   RO          358    i.MX_CAN2_Init      can.o
    0x08003320   0x000000bc   Code   RO          404    i.MX_DMA_Init       dma.o
    0x080033dc   0x00000068   Code   RO          298    i.MX_FREERTOS_Init  freertos.o
    0x08003444   0x00000148   Code   RO          270    i.MX_GPIO_Init      gpio.o
    0x0800358c   0x000000c8   Code   RO          431    i.MX_TIM2_Init      tim.o
    0x08003654   0x000000cc   Code   RO          432    i.MX_TIM4_Init      tim.o
    0x08003720   0x00000048   Code   RO          433    i.MX_TIM6_Init      tim.o
    0x08003768   0x00000048   Code   RO          434    i.MX_TIM7_Init      tim.o
    0x080037b0   0x00000038   Code   RO          496    i.MX_UART7_Init     usart.o
    0x080037e8   0x00000038   Code   RO          497    i.MX_UART8_Init     usart.o
    0x08003820   0x00000044   Code   RO          498    i.MX_USART1_UART_Init  usart.o
    0x08003864   0x00000038   Code   RO          499    i.MX_USART2_UART_Init  usart.o
    0x0800389c   0x00000038   Code   RO          500    i.MX_USART3_UART_Init  usart.o
    0x080038d4   0x00000038   Code   RO          501    i.MX_USART6_UART_Init  usart.o
    0x0800390c   0x00000002   Code   RO          580    i.MemManage_Handler  stm32f4xx_it.o
    0x0800390e   0x00000002   Code   RO          581    i.NMI_Handler       stm32f4xx_it.o
    0x08003910   0x00000244   Code   RO         4896    i.PID_calc          pid.o
    0x08003b54   0x0000005c   Code   RO         4898    i.PID_init          pid.o
    0x08003bb0   0x00000060   Code   RO         5281    i.RollerButton      upper_task.o
    0x08003c10   0x00000008   Code   RO          299    i.StartDefaultTask  freertos.o
    0x08003c18   0x00000018   Code   RO          582    i.SysTick_Handler   stm32f4xx_it.o
    0x08003c30   0x00000094   Code   RO           14    i.SystemClock_Config  main.o
    0x08003cc4   0x00000010   Code   RO         3541    i.SystemInit        system_stm32f4xx.o
    0x08003cd4   0x0000000c   Code   RO          583    i.TIM6_DAC_IRQHandler  stm32f4xx_it.o
    0x08003ce0   0x0000000c   Code   RO          584    i.TIM7_IRQHandler   stm32f4xx_it.o
    0x08003cec   0x000000c8   Code   RO         2305    i.TIM_Base_SetConfig  stm32f4xx_hal_tim.o
    0x08003db4   0x0000001a   Code   RO         2306    i.TIM_CCxChannelCmd  stm32f4xx_hal_tim.o
    0x08003dce   0x00000014   Code   RO         2316    i.TIM_ETR_SetConfig  stm32f4xx_hal_tim.o
    0x08003de2   0x00000010   Code   RO         2317    i.TIM_ITRx_SetConfig  stm32f4xx_hal_tim.o
    0x08003df2   0x00000002   PAD
    0x08003df4   0x00000060   Code   RO         2318    i.TIM_OC1_SetConfig  stm32f4xx_hal_tim.o
    0x08003e54   0x0000006c   Code   RO         2319    i.TIM_OC2_SetConfig  stm32f4xx_hal_tim.o
    0x08003ec0   0x00000068   Code   RO         2320    i.TIM_OC3_SetConfig  stm32f4xx_hal_tim.o
    0x08003f28   0x00000050   Code   RO         2321    i.TIM_OC4_SetConfig  stm32f4xx_hal_tim.o
    0x08003f78   0x00000022   Code   RO         2323    i.TIM_TI1_ConfigInputStage  stm32f4xx_hal_tim.o
    0x08003f9a   0x00000024   Code   RO         2325    i.TIM_TI2_ConfigInputStage  stm32f4xx_hal_tim.o
    0x08003fbe   0x00000002   PAD
    0x08003fc0   0x0000009c   Code   RO          585    i.UART7_IRQHandler  stm32f4xx_it.o
    0x0800405c   0x0000009c   Code   RO          586    i.UART8_IRQHandler  stm32f4xx_it.o
    0x080040f8   0x00000010   Code   RO         3225    i.UART_DMAAbortOnError  stm32f4xx_hal_uart.o
    0x08004108   0x0000004a   Code   RO         3226    i.UART_DMAError     stm32f4xx_hal_uart.o
    0x08004152   0x00000082   Code   RO         3227    i.UART_DMAReceiveCplt  stm32f4xx_hal_uart.o
    0x080041d4   0x0000001a   Code   RO         3229    i.UART_DMARxHalfCplt  stm32f4xx_hal_uart.o
    0x080041ee   0x00000042   Code   RO         3231    i.UART_DMATransmitCplt  stm32f4xx_hal_uart.o
    0x08004230   0x0000000a   Code   RO         3233    i.UART_DMATxHalfCplt  stm32f4xx_hal_uart.o
    0x0800423a   0x0000004e   Code   RO         3235    i.UART_EndRxTransfer  stm32f4xx_hal_uart.o
    0x08004288   0x0000001c   Code   RO         3236    i.UART_EndTxTransfer  stm32f4xx_hal_uart.o
    0x080042a4   0x000000c0   Code   RO         3237    i.UART_Receive_IT   stm32f4xx_hal_uart.o
    0x08004364   0x0000010c   Code   RO         3238    i.UART_SetConfig    stm32f4xx_hal_uart.o
    0x08004470   0x00000094   Code   RO         3239    i.UART_Start_Receive_DMA  stm32f4xx_hal_uart.o
    0x08004504   0x0000003a   Code   RO         3240    i.UART_Start_Receive_IT  stm32f4xx_hal_uart.o
    0x0800453e   0x00000002   PAD
    0x08004540   0x0000009c   Code   RO          587    i.USART2_IRQHandler  stm32f4xx_it.o
    0x080045dc   0x0000000c   Code   RO          588    i.USART3_IRQHandler  stm32f4xx_it.o
    0x080045e8   0x0000009c   Code   RO          589    i.USART6_IRQHandler  stm32f4xx_it.o
    0x08004684   0x00000002   Code   RO          590    i.UsageFault_Handler  stm32f4xx_it.o
    0x08004686   0x00000020   Code   RO         1823    i.__NVIC_SetPriority  stm32f4xx_hal_cortex.o
    0x080046a6   0x00000014   Code   RO         5472    i.__hardfp_fabs     m_wm.l(fabs.o)
    0x080046ba   0x00000002   PAD
    0x080046bc   0x000000b4   Code   RO         5050    i.angle_total_can1  gld_can.o
    0x08004770   0x000000b4   Code   RO         5051    i.angle_total_can2  gld_can.o
    0x08004824   0x00000068   Code   RO         5052    i.can_filter_init   gld_can.o
    0x0800488c   0x000001b4   Code   RO         5192    i.chassis_init      chassis_task.o
    0x08004a40   0x000001e4   Code   RO         5193    i.chassis_movement  chassis_task.o
    0x08004c24   0x0000010c   Code   RO         5196    i.chassis_task      chassis_task.o
    0x08004d30   0x000000d4   Code   RO         5357    i.data_transition   message_task.o
    0x08004e04   0x00000010   Code   RO         5053    i.get_motor_message_can1  gld_can.o
    0x08004e14   0x00000010   Code   RO         5054    i.get_motor_message_can2  gld_can.o
    0x08004e24   0x0000019c   Code   RO           15    i.main              main.o
    0x08004fc0   0x0000000c   Code   RO         4382    i.makeFreeRtosPriority  cmsis_os.o
    0x08004fcc   0x00000014   Code   RO         5197    i.map               chassis_task.o
    0x08004fe0   0x0000005c   Code   RO         5358    i.message_task      message_task.o
    0x0800503c   0x00000010   Code   RO         4384    i.osDelay           cmsis_os.o
    0x0800504c   0x0000000a   Code   RO         4387    i.osKernelStart     cmsis_os.o
    0x08005056   0x0000005c   Code   RO         4421    i.osThreadCreate    cmsis_os.o
    0x080050b2   0x00000002   PAD
    0x080050b4   0x00000078   Code   RO         4053    i.prvAddCurrentTaskToDelayedList  tasks.o
    0x0800512c   0x00000088   Code   RO         4054    i.prvAddNewTaskToReadyList  tasks.o
    0x080051b4   0x00000040   Code   RO         4055    i.prvCheckTasksWaitingTermination  tasks.o
    0x080051f4   0x00000040   Code   RO         4056    i.prvDeleteTCB      tasks.o
    0x08005234   0x00000050   Code   RO         4749    i.prvHeapInit       heap_4.o
    0x08005284   0x00000028   Code   RO         4057    i.prvIdleTask       tasks.o
    0x080052ac   0x0000007e   Code   RO         4058    i.prvInitialiseNewTask  tasks.o
    0x0800532a   0x00000002   PAD
    0x0800532c   0x00000060   Code   RO         4059    i.prvInitialiseTaskLists  tasks.o
    0x0800538c   0x0000005c   Code   RO         4750    i.prvInsertBlockIntoFreeList  heap_4.o
    0x080053e8   0x00000024   Code   RO         4060    i.prvResetNextTaskUnblockTime  tasks.o
    0x0800540c   0x00000030   Code   RO         4817    i.prvTaskExitError  port.o
    0x0800543c   0x000000e8   Code   RO         4751    i.pvPortMalloc      heap_4.o
    0x08005524   0x0000002c   Code   RO         4818    i.pxPortInitialiseStack  port.o
    0x08005550   0x00000020   Code   RO         5282    i.read_key_pin      upper_task.o
    0x08005570   0x0000000c   Code   RO         5360    i.received_data_trans  message_task.o
    0x0800557c   0x00000164   Code   RO         5199    i.remote_control    chassis_task.o
    0x080056e0   0x0000002c   Code   RO         5361    i.stm32_2_ros       message_task.o
    0x0800570c   0x00000010   Code   RO         5283    i.tuqiu_duoji_set   upper_task.o
    0x0800571c   0x000000b4   Code   RO         5284    i.upper_init        upper_task.o
    0x080057d0   0x00000012   Code   RO         5285    i.upper_task        upper_task.o
    0x080057e2   0x00000026   Code   RO         3679    i.uxListRemove      list.o
    0x08005808   0x00000014   Code   RO          300    i.vApplicationGetIdleTaskMemory  freertos.o
    0x0800581c   0x00000016   Code   RO         3680    i.vListInitialise   list.o
    0x08005832   0x00000006   Code   RO         3681    i.vListInitialiseItem  list.o
    0x08005838   0x00000036   Code   RO         3682    i.vListInsert       list.o
    0x0800586e   0x00000018   Code   RO         3683    i.vListInsertEnd    list.o
    0x08005886   0x00000002   PAD
    0x08005888   0x00000040   Code   RO         4820    i.vPortEnterCritical  port.o
    0x080058c8   0x0000002c   Code   RO         4821    i.vPortExitCritical  port.o
    0x080058f4   0x00000064   Code   RO         4752    i.vPortFree         heap_4.o
    0x08005958   0x00000024   Code   RO         4822    i.vPortSetupTimerInterrupt  port.o
    0x0800597c   0x00000050   Code   RO         4069    i.vTaskDelay        tasks.o
    0x080059cc   0x00000088   Code   RO         4082    i.vTaskStartScheduler  tasks.o
    0x08005a54   0x00000010   Code   RO         4084    i.vTaskSuspendAll   tasks.o
    0x08005a64   0x00000060   Code   RO         4085    i.vTaskSwitchContext  tasks.o
    0x08005ac4   0x00000258   Code   RO         5286    i.warehousing_control  upper_task.o
    0x08005d1c   0x00000104   Code   RO         4824    i.xPortStartScheduler  port.o
    0x08005e20   0x0000002c   Code   RO         4825    i.xPortSysTickHandler  port.o
    0x08005e4c   0x0000006c   Code   RO         4088    i.xTaskCreate       tasks.o
    0x08005eb8   0x00000060   Code   RO         4089    i.xTaskCreateStatic  tasks.o
    0x08005f18   0x0000001c   Code   RO         4093    i.xTaskGetSchedulerState  tasks.o
    0x08005f34   0x000000d4   Code   RO         4096    i.xTaskIncrementTick  tasks.o
    0x08006008   0x000000cc   Code   RO         4102    i.xTaskResumeAll    tasks.o
    0x080060d4   0x00000010   Code   RO         5287    i.xiqiu_duoji_set   upper_task.o
    0x080060e4   0x0000002c   Code   RO         5681    locale$$code        c_w.l(lc_ctype_c.o)
    0x08006110   0x00000062   Code   RO         5450    x$fpl$d2f           fz_wm.l(d2f.o)
    0x08006172   0x00000002   PAD
    0x08006174   0x00000150   Code   RO         5452    x$fpl$dadd          fz_wm.l(daddsub_clz.o)
    0x080062c4   0x00000018   Code   RO         5583    x$fpl$dcmpinf       fz_wm.l(dcmpi.o)
    0x080062dc   0x0000002e   Code   RO         5459    x$fpl$dflt          fz_wm.l(dflt_clz.o)
    0x0800630a   0x00000002   PAD
    0x0800630c   0x00000078   Code   RO         5464    x$fpl$dleqf         fz_wm.l(dleqf.o)
    0x08006384   0x00000154   Code   RO         5466    x$fpl$dmul          fz_wm.l(dmul.o)
    0x080064d8   0x0000009c   Code   RO         5585    x$fpl$dnaninf       fz_wm.l(dnaninf.o)
    0x08006574   0x0000000c   Code   RO         5587    x$fpl$dretinf       fz_wm.l(dretinf.o)
    0x08006580   0x0000006c   Code   RO         5468    x$fpl$drleqf        fz_wm.l(drleqf.o)
    0x080065ec   0x000001d4   Code   RO         5454    x$fpl$dsub          fz_wm.l(daddsub_clz.o)
    0x080067c0   0x00000056   Code   RO         5470    x$fpl$f2d           fz_wm.l(f2d.o)
    0x08006816   0x0000008c   Code   RO         5589    x$fpl$fnaninf       fz_wm.l(fnaninf.o)
    0x080068a2   0x0000000a   Code   RO         5772    x$fpl$fpinit        fz_wm.l(fpinit.o)
    0x080068ac   0x0000000a   Code   RO         5591    x$fpl$fretinf       fz_wm.l(fretinf.o)
    0x080068b6   0x00000000   Code   RO         5601    x$fpl$usenofp       fz_wm.l(usenofp.o)
    0x080068b6   0x00000002   PAD
    0x080068b8   0x00000070   Data   RO          302    .constdata          freertos.o
    0x08006928   0x00000008   Data   RO         1522    .constdata          stm32f4xx_hal_dma.o
    0x08006930   0x00000010   Data   RO         3542    .constdata          system_stm32f4xx.o
    0x08006940   0x00000008   Data   RO         3543    .constdata          system_stm32f4xx.o
    0x08006948   0x00000024   Data   RO         5202    .constdata          chassis_task.o
    0x0800696c   0x00000018   Data   RO         5290    .constdata          upper_task.o
    0x08006984   0x00000024   Data   RO          303    .conststring        freertos.o
    0x080069a8   0x00000020   Data   RO         5828    Region$$Table       anon$$obj.o
    0x080069c8   0x00000110   Data   RO         5680    locale$$data        c_w.l(lc_ctype_c.o)


    Execution Region RW_IRAM2 (Base: 0x10000000, Size: 0x00000000, Max: 0x00010000, ABSOLUTE)

    **** No section assigned to this execution region ****


    Execution Region RW_IRAM1 (Base: 0x20000000, Size: 0x000057a0, Max: 0x00030000, ABSOLUTE, COMPRESSED[0x00000028])

    Base Addr    Size         Type   Attr      Idx    E Section Name        Object

    0x20000000   0x00000004   Data   RW           19    .data               main.o
    0x20000004   0x00000001   Data   RW           20    .data               main.o
    0x20000005   0x00000005   Data   RW           22    .data               main.o
    0x2000000a   0x00000002   PAD
    0x2000000c   0x00000004   Data   RW           23    .data               main.o
    0x20000010   0x00000001   Data   RW           25    .data               main.o
    0x20000011   0x00000005   Data   RW           27    .data               main.o
    0x20000016   0x00000002   PAD
    0x20000018   0x00000004   Data   RW           28    .data               main.o
    0x2000001c   0x00000004   Data   RW           29    .data               main.o
    0x20000020   0x00000001   Data   RW           30    .data               main.o
    0x20000021   0x00000005   Data   RW           32    .data               main.o
    0x20000026   0x00000002   PAD
    0x20000028   0x00000004   Data   RW           33    .data               main.o
    0x2000002c   0x00000001   Data   RW           34    .data               main.o
    0x2000002d   0x00000005   Data   RW           36    .data               main.o
    0x20000032   0x00000002   PAD
    0x20000034   0x00000010   Data   RW          304    .data               freertos.o
    0x20000044   0x00000004   Data   RW          360    .data               can.o
    0x20000048   0x0000000c   Data   RW         1969    .data               stm32f4xx_hal.o
    0x20000054   0x00000004   Data   RW         3544    .data               system_stm32f4xx.o
    0x20000058   0x0000003c   Data   RW         4105    .data               tasks.o
    0x20000094   0x00000020   Data   RW         4758    .data               heap_4.o
    0x200000b4   0x0000000c   Data   RW         4826    .data               port.o
    0x200000c0   0x00000010   Data   RW         4899    .data               pid.o
    0x200000d0   0x0000000a   Data   RW         5058    .data               gld_can.o
    0x200000da   0x00000002   PAD
    0x200000dc   0x0000003c   Data   RW         5203    .data               chassis_task.o
    0x20000118   0x0000000c   Data   RW         5291    .data               upper_task.o
    0x20000124   0x00000008   Data   RW         5363    .data               message_task.o
    0x2000012c   0x0000018a   Zero   RW           17    .bss                main.o
    0x200002b6   0x00000016   Zero   RW           18    .bss                main.o
    0x200002cc   0x00000254   Zero   RW          301    .bss                freertos.o
    0x20000520   0x00000050   Zero   RW          359    .bss                can.o
    0x20000570   0x00000120   Zero   RW          435    .bss                tim.o
    0x20000690   0x000004f8   Zero   RW          502    .bss                usart.o
    0x20000b88   0x000000f0   Zero   RW         4104    .bss                tasks.o
    0x20000c78   0x00003c00   Zero   RW         4757    .bss                heap_4.o
    0x20004878   0x00000138   Zero   RW         5055    .bss                gld_can.o
    0x200049b0   0x00000564   Zero   RW         5200    .bss                chassis_task.o
    0x20004f14   0x000001d4   Zero   RW         5288    .bss                upper_task.o
    0x200050e8   0x00000058   Zero   RW         5362    .bss                message_task.o
    0x20005140   0x00000060   Zero   RW         5603    .bss                c_w.l(libspace.o)
    0x200051a0   0x00000200   Zero   RW            2    HEAP                startup_stm32f427xx.o
    0x200053a0   0x00000400   Zero   RW            1    STACK               startup_stm32f427xx.o


==============================================================================

Image component sizes


      Code (inc. data)   RO Data    RW Data    ZI Data      Debug   Object Name

       388         40          0          4         80       2722   can.o
      2706        188         36         60       1380       6961   chassis_task.o
       130          0          0          0          0      23583   cmsis_os.o
       188          4          0          0          0        974   dma.o
         0          0          0          0          0      17208   event_groups.o
       132         12        148         16        596       7598   freertos.o
       780         68          0         10        312     618541   gld_can.o
       328         24          0          0          0       1227   gpio.o
       504         32          0         32      15360       7955   heap_4.o
       144          0          0          0          0       3914   list.o
       564         60          0         44        416     788632   main.o
       580         68          0          8         88       6868   message_task.o
       672         20          0         16          0       4110   pid.o
       730         82          0         12          0      11636   port.o
        64         26        428          0       1536        884   startup_stm32f427xx.o
       180         28          0         12          0       9953   stm32f4xx_hal.o
      1638          6          0          0          0      15247   stm32f4xx_hal_can.o
       198         14          0          0          0      34283   stm32f4xx_hal_cortex.o
      1084         16          8          0          0       7790   stm32f4xx_hal_dma.o
       584         54          0          0          0       3059   stm32f4xx_hal_gpio.o
        56          4          0          0          0        966   stm32f4xx_hal_msp.o
      1348         76          0          0          0       5532   stm32f4xx_hal_rcc.o
      2020        136          0          0          0      18022   stm32f4xx_hal_tim.o
       148         28          0          0          0       2649   stm32f4xx_hal_tim_ex.o
      2226         44          0          0          0      20162   stm32f4xx_hal_uart.o
       828        180          0          0          0      15207   stm32f4xx_it.o
         0          0          0          0          0        472   stream_buffer.o
        16          4         24          4          0       1271   system_stm32f4xx.o
      1658        146          0         60        240      22326   tasks.o
       824         66          0          0        288       4955   tim.o
       958        158         24         12        468       6103   upper_task.o
      1416        118          0          0       1272       6510   usart.o

    ----------------------------------------------------------------------
     23124       1702        700        300      22036    1677320   Object Totals
         0          0         32          0          0          0   (incl. Generated)
        32          0          0         10          0          0   (incl. Padding)

    ----------------------------------------------------------------------

      Code (inc. data)   RO Data    RW Data    ZI Data      Debug   Library Member Name

        58          0          0          0          0          0   __dczerorl.o
         8          0          0          0          0         68   __main.o
         0          0          0          0          0          0   __rtentry.o
        12          0          0          0          0          0   __rtentry2.o
         6          0          0          0          0          0   __rtentry4.o
        52          8          0          0          0          0   __scatter.o
        28          0          0          0          0          0   __scatter_zi.o
        28          0          0          0          0         68   _chval.o
       158          0          0          0          0         92   _strtoul.o
        26          0          0          0          0         80   atoi.o
        18          0          0          0          0         80   exit.o
         6          0          0          0          0        152   heapauxi.o
         0          0          0          0          0          0   indicate_semi.o
        44         10        272          0          0         76   lc_ctype_c.o
         2          0          0          0          0          0   libinit.o
        24          0          0          0          0          0   libinit2.o
         2          0          0          0          0          0   libshutdown.o
         2          0          0          0          0          0   libshutdown2.o
         8          4          0          0         96         68   libspace.o
       238          0          0          0          0        100   lludivv7m.o
        16          4          0          0          0         76   rt_ctype_table.o
         8          4          0          0          0         68   rt_errno_addr_intlibspace.o
         8          4          0          0          0         68   rt_locale_intlibspace.o
        78          0          0          0          0         80   rt_memclr_w.o
       100          0          0          0          0         80   rt_memcpy_w.o
         2          0          0          0          0          0   rtexit.o
        10          0          0          0          0          0   rtexit2.o
       128          0          0          0          0         68   strcmpv7m.o
       112          0          0          0          0         88   strtol.o
        12          4          0          0          0         68   sys_exit.o
        74          0          0          0          0         80   sys_stackheap_outer.o
         2          0          0          0          0         68   use_no_semi.o
        98          4          0          0          0        140   d2f.o
       804         16          0          0          0        368   daddsub_clz.o
        24          0          0          0          0        116   dcmpi.o
        46          0          0          0          0        116   dflt_clz.o
       120          4          0          0          0        140   dleqf.o
       340         12          0          0          0        152   dmul.o
       156          4          0          0          0        140   dnaninf.o
        12          0          0          0          0        116   dretinf.o
       108          0          0          0          0        128   drleqf.o
        86          4          0          0          0        132   f2d.o
       140          4          0          0          0        132   fnaninf.o
        10          0          0          0          0        116   fpinit.o
        10          0          0          0          0        116   fretinf.o
         0          0          0          0          0          0   usenofp.o
        20          0          0          0          0        124   fabs.o

    ----------------------------------------------------------------------
      3256         86        272          0         96       3564   Library Totals
        12          0          0          0          0          0   (incl. Padding)

    ----------------------------------------------------------------------

      Code (inc. data)   RO Data    RW Data    ZI Data      Debug   Library Name

      1270         38        272          0         96       1528   c_w.l
      1954         48          0          0          0       1912   fz_wm.l
        20          0          0          0          0        124   m_wm.l

    ----------------------------------------------------------------------
      3256         86        272          0         96       3564   Library Totals

    ----------------------------------------------------------------------

==============================================================================


      Code (inc. data)   RO Data    RW Data    ZI Data      Debug   

     26380       1788        972        300      22132    1658504   Grand Totals
     26380       1788        972         40      22132    1658504   ELF Image Totals (compressed)
     26380       1788        972         40          0          0   ROM Totals

==============================================================================

    Total RO  Size (Code + RO Data)                27352 (  26.71kB)
    Total RW  Size (RW Data + ZI Data)             22432 (  21.91kB)
    Total ROM Size (Code + RO Data + RW Data)      27392 (  26.75kB)

==============================================================================

